SQL> create view customer_account_view as
  2  select c.customer_id, c.name as customer_name,a.balance
  3  from customers c
  4  join accounts a
  5  On c.customer_id = a.customer_id;
select c.customer_id, c.name as customer_name,a.balance
                                              *
ERROR at line 2:
ORA-00904: "A"."BALANCE": invalid identifier 


SQL> desc accounts;
 Name                                      Null?    Type
 ----------------------------------------- -------- ----------------------------
 ACCOUNT_ID                                NOT NULL NUMBER
 CUSTOMER_ID                                        NUMBER
 ACCOUNT_TYPE                              NOT NULL VARCHAR2(20)
 ACCOUNT_BALANCE                                    NUMBER
 ACCOUNT_CREATION_DATE                              DATE

SQL> CREATE VIEW customer_account_view AS
  2  SELECT c.customer_id, c.name AS customer_name, a.balance
  3  FROM customers c
  4  JOIN accounts a ON c.customer_id = a.customer_id;
SELECT c.customer_id, c.name AS customer_name, a.balance
                                               *
ERROR at line 2:
ORA-00904: "A"."BALANCE": invalid identifier 


SQL> CREATE VIEW customer_account_view AS
  2  SELECT c.customer_id, c.name AS customer_name, a.balance
  3  FROM customers c
  4  JOIN accounts a ON c.customer_id = a.customer_id;
SELECT c.customer_id, c.name AS customer_name, a.balance
                                               *
ERROR at line 2:
ORA-00904: "A"."BALANCE": invalid identifier 


SQL> select * from customer_account_view;
select * from customer_account_view
              *
ERROR at line 1:
ORA-00942: table or view does not exist 


SQL> create view active_accounts as
  2  select *
  3  from accounts
  4  where balance >0
  5  with check option;
where balance >0
      *
ERROR at line 4:
ORA-00904: "BALANCE": invalid identifier 


SQL> select * from accounts;

ACCOUNT_ID CUSTOMER_ID ACCOUNT_TYPE         ACCOUNT_BALANCE ACCOUNT_C           
---------- ----------- -------------------- --------------- ---------           
         1           1 saving                          1500                     
         2           2 saving                          2000                     
         3           3 saving                          2500                     
         4           4 current                         3000                     
         5           5 current                         5000                     
         6           6 checking                        5000                     

6 rows selected.

SQL> ed
Wrote file afiedt.buf

  1* select * from accounts
SQL> CREATE VIEW ActiveAccounts AS
  2  SELECT *
  3  FROM Accounts
  4  WHERE Balance > 0
  5  WITH CHECK OPTION;
WHERE Balance > 0
      *
ERROR at line 4:
ORA-00904: "BALANCE": invalid identifier 


SQL> ed
Wrote file afiedt.buf

  1  CREATE VIEW Active_Accounts AS
  2  SELECT *
  3  FROM Accounts
  4  WHERE account_balance > 0
  5* WITH CHECK OPTION
SQL> /

View created.

SQL> create view read_only_customers as
  2  select customer_id , name, email, phone, address
  3  from customers
  4  with read only;

View created.

SQL> SELECT text
  2  FROM user_views
  3  WHERE view_name = 'READ_ONLY_CUSTOMERS';

TEXT                                                                            
--------------------------------------------------------------------------------
select customer_id , name, email, phone, address                                
from customers                                                                  
with read only                                                                  
                                                                                

SQL> create view high_balance_accounts as
  2  select * from accounts
  3  where account_balance > 1000
  4  with check option;

View created.

SQL> update high_balance_accounts
  2  set balance = balance +500
  3  where account_id = 2;
set balance = balance +500
              *
ERROR at line 2:
ORA-00904: "BALANCE": invalid identifier 


SQL> ee
SP2-0042: unknown command "ee" - rest of line ignored.
SQL> ed
Wrote file afiedt.buf

  1  update high_balance_accounts
  2  set balance = balance +500
  3* where account_id = 2
SQL> /
set balance = balance +500
              *
ERROR at line 2:
ORA-00904: "BALANCE": invalid identifier 


SQL> ed
Wrote file afiedt.buf

  1  update high_balance_accounts
  2  set account_balance = account_balance +500
  3* where account_id = 2
SQL> /

1 row updated.

SQL> select * from high_balance_Accounts;

ACCOUNT_ID CUSTOMER_ID ACCOUNT_TYPE         ACCOUNT_BALANCE ACCOUNT_C           
---------- ----------- -------------------- --------------- ---------           
         1           1 saving                          1500                     
         2           2 saving                          2500                     
         3           3 saving                          2500                     
         4           4 current                         3000                     
         5           5 current                         5000                     
         6           6 checking                        5000                     

6 rows selected.

SQL> update high_balance_accounts
  2  set account_balance
  3  
SQL> alter high_balance_accounts
  2  rename account_balance = 'balance';
alter high_balance_accounts
      *
ERROR at line 1:
ORA-00940: invalid ALTER command 


SQL> ALTER TABLE high_balance_accounts
  2  RENAME COLUMN account_balance TO balance;
ALTER TABLE high_balance_accounts
*
ERROR at line 1:
ORA-00942: table or view does not exist 


SQL> ed
Wrote file afiedt.buf

  1  ALTER TABLE high_balance_accounts
  2* RENAME COLUMN account_balance TO balance
SQL> /
ALTER TABLE high_balance_accounts
*
ERROR at line 1:
ORA-00942: table or view does not exist 


SQL> drop view if exists customer_account_view;
drop view if exists customer_account_view
             *
ERROR at line 1:
ORA-00933: SQL command not properly ended 


SQL> select a.account_id, total.total
  2  
SQL> select a.account_id, total.total_amount
  2  from accounts a
  3  join(
  4  select account_id,sum(amount) as total_amount
  5  from transactions
  6  group by account_id
  7  ) total on a.account_id = total.account_id;

ACCOUNT_ID TOTAL_AMOUNT                                                         
---------- ------------                                                         
         1          500                                                         
         2         1000                                                         
         4         2000                                                         
         5          200                                                         
         3         1500                                                         

SQL> CREATE VIEW CustomerTransactionTotal AS
  2  SELECT c.CustomerID, c.Name AS CustomerName, SUM(t.Amount) AS TotalSpent
  3  FROM Customers c
  4  JOIN Accounts a ON c.CustomerID = a.CustomerID
  5  JOIN Transactions t ON a.AccountID = t.AccountID
  6  GROUP BY c.CustomerID
  7  WITH CHECK OPTION;
JOIN Accounts a ON c.CustomerID = a.CustomerID
                                  *
ERROR at line 4:
ORA-00904: "A"."CUSTOMERID": invalid identifier 


SQL> ed
Wrote file afiedt.buf

  1  CREATE VIEW Customer_Transaction_Total AS
  2  SELECT c.Customer_ID, c.Name AS Customer_Name, SUM(t.Amount) AS Total_Spent
  3  FROM Customers c
  4  JOIN Accounts a ON c.Customer_ID = a.Customer_ID
  5  JOIN Transactions t ON a.Account_ID = t.Account_ID
  6  GROUP BY c.Customer_ID
  7* WITH CHECK OPTION
SQL> /
SELECT c.Customer_ID, c.Name AS Customer_Name, SUM(t.Amount) AS Total_Spent
                      *
ERROR at line 2:
ORA-00979: not a GROUP BY expression 


SQL> CREATE VIEW Customer_Transaction_Total AS
  2  SELECT
  3    c.Customer_ID,
  4    c.Name AS Customer_Name,
  5    SUM(t.Amount) AS Total_Spent
  6  FROM Customers c
  7  JOIN Accounts a ON c.Customer_ID = a.Customer_ID
  8  JOIN Transactions t ON a.Account_ID = t.Account_ID
  9  GROUP BY c.Customer_ID, c.Name
 10  WITH CHECK OPTION;

View created.

SQL> select * from customer_transaction_total;

CUSTOMER_ID                                                                     
-----------                                                                     
CUSTOMER_NAME                                                                   
--------------------------------------------------------------------------------
TOTAL_SPENT                                                                     
-----------                                                                     
          3                                                                     
ajay kedia                                                                      
       1500                                                                     
                                                                                
          4                                                                     
harshad mehta                                                                   
       2000                                                                     

CUSTOMER_ID                                                                     
-----------                                                                     
CUSTOMER_NAME                                                                   
--------------------------------------------------------------------------------
TOTAL_SPENT                                                                     
-----------                                                                     
                                                                                
          5                                                                     
adity dude                                                                      
        200                                                                     
                                                                                
          2                                                                     
satish ghuge                                                                    

CUSTOMER_ID                                                                     
-----------                                                                     
CUSTOMER_NAME                                                                   
--------------------------------------------------------------------------------
TOTAL_SPENT                                                                     
-----------                                                                     
       1000                                                                     
                                                                                
          1                                                                     
Atharv yadav                                                                    
        500                                                                     
                                                                                

SQL> set pagesize 200;
SQL> set linesize 200;
SQL> /

CUSTOMER_ID CUSTOMER_NAME                                                                                        TOTAL_SPENT                                                                            
----------- ---------------------------------------------------------------------------------------------------- -----------                                                                            
          3 ajay kedia                                                                                                  1500                                                                            
          4 harshad mehta                                                                                               2000                                                                            
          5 adity dude                                                                                                   200                                                                            
          2 satish ghuge                                                                                                1000                                                                            
          1 Atharv yadav                                                                                                 500                                                                            

SQL> select * from customer_transaction_total;

CUSTOMER_ID CUSTOMER_NAME                                                                                        TOTAL_SPENT                                                                            
----------- ---------------------------------------------------------------------------------------------------- -----------                                                                            
          3 ajay kedia                                                                                                  1500                                                                            
          4 harshad mehta                                                                                               2000                                                                            
          5 adity dude                                                                                                   200                                                                            
          2 satish ghuge                                                                                                1000                                                                            
          1 Atharv yadav                                                                                                 500                                                                            

SQL> update read_only_customers
  2  set email = 'newemail@example.com'
  3  where customer_id =1;
set email = 'newemail@example.com'
    *
ERROR at line 2:
ORA-42399: cannot perform a DML operation on a read-only view 


SQL> drop view if exists active_Accounts,
  2  read_only_customers;
drop view if exists active_Accounts,
             *
ERROR at line 1:
ORA-00933: SQL command not properly ended 


SQL> DROP VIEW active_accounts;

View dropped.

SQL> DROP VIEW read_only_customers;

View dropped.

SQL> CREATE VIEW CustomerAverageTransaction AS
  2  SELECT c.CustomerID, c.Name AS CustomerName, AVG(t.Amount) AS AverageTransaction
  3  FROM Customers c
  4  JOIN Accounts a ON c.CustomerID = a.CustomerID
  5  JOIN Transactions t ON a.AccountID = t.AccountID
  6  GROUP BY c.CustomerID
  7  WITH CHECK OPTION;
JOIN Accounts a ON c.CustomerID = a.CustomerID
                                  *
ERROR at line 4:
ORA-00904: "A"."CUSTOMERID": invalid identifier 


SQL> ed
Wrote file afiedt.buf

  1  CREATE VIEW Customer_Average_Transaction AS
  2  SELECT c.Customer_ID, c.Name AS Customer_Name, AVG(t.Amount) AS Average_Transaction
  3  FROM Customers c
  4  JOIN Accounts a ON c.CustomerID = a.Customer_ID
  5  JOIN Transactions t ON a.Account_ID = t.Account_ID
  6  GROUP BY c.Customer_ID
  7* WITH CHECK OPTION
SQL> /
JOIN Accounts a ON c.CustomerID = a.Customer_ID
                   *
ERROR at line 4:
ORA-00904: "C"."CUSTOMERID": invalid identifier 


SQL> CREATE VIEW Customer_Average_Transaction AS
  2  SELECT
  3    c.Customer_ID,
  4    c.Name AS Customer_Name,
  5    AVG(t.Amount) AS Average_Transaction
  6  FROM Customers c
  7  JOIN Accounts a ON c.Customer_ID = a.Customer_ID
  8  JOIN Transactions t ON a.Account_ID = t.Account_ID
  9  GROUP BY c.Customer_ID, c.Name
 10  WITH CHECK OPTION;

View created.

SQL> select * from customer_average_transactions;
select * from customer_average_transactions
              *
ERROR at line 1:
ORA-00942: table or view does not exist 


SQL> create view active_customer_names as
  2  select customer_id, name
  3  from customers
  4  where isactive = true
  5  with check option;
where isactive = true
                 *
ERROR at line 4:
ORA-00904: "TRUE": invalid identifier 


SQL> create view recent_transactions as
  2  select *
  3  from transactions
  4  where tdate >= curdate()-interval 30 day
  5  with check option;
where tdate >= curdate()-interval 30 day
                                  *
ERROR at line 4:
ORA-00933: SQL command not properly ended 


SQL> SELECT a.AccountID, a.CustomerID, a.AccountType, a.Balance
  2  FROM Accounts a
  3  WHERE NOT EXISTS (
  4  SELECT 1
  5  FROM Transactions t
  6  WHERE t.AccountID = a.AccountID );
SELECT a.AccountID, a.CustomerID, a.AccountType, a.Balance
                                                 *
ERROR at line 1:
ORA-00904: "A"."BALANCE": invalid identifier 


SQL> ed
Wrote file afiedt.buf

  1  SELECT a.Account_ID, a.Customer_ID, a.Account_Type, a.Balance
  2  FROM Accounts a
  3  WHERE NOT EXISTS (
  4  SELECT 1
  5  FROM Transactions t
  6* WHERE t.Account_ID = a.Account_ID )
SQL> /
SELECT a.Account_ID, a.Customer_ID, a.Account_Type, a.Balance
                                                    *
ERROR at line 1:
ORA-00904: "A"."BALANCE": invalid identifier 


SQL> REATE VIEW MonthlyTransactionSummary
SP2-0734: unknown command beginning "REATE VIEW..." - rest of line ignored.
SQL> AS
SP2-0042: unknown command "AS" - rest of line ignored.
SQL> SELECT TO_CHAR(tDate, 'YYYY-MM') AS TransactionMonth,
  2  SUM(Amount) AS TotalTransactions FROM Transactions
  3  GROUP BY TO_CHAR(tDate, 'YYYY-MM')
  4  WITH CHECK OPTION;
WITH CHECK OPTION
*
ERROR at line 4:
ORA-00933: SQL command not properly ended 


SQL> dc
SP2-0042: unknown command "dc" - rest of line ignored.
SQL> ed
Wrote file afiedt.buf

  1  SELECT TO_CHAR(tDate, 'YYYY-MM') AS Transaction_Month,
  2  SUM(Amount) AS Total_Transactions FROM Transactions
  3  GROUP BY TO_CHAR(tDate, 'YYYY-MM')
  4* WITH CHECK OPTION
SQL> /
WITH CHECK OPTION
*
ERROR at line 4:
ORA-00933: SQL command not properly ended 


SQL> SELECT
  2    TO_CHAR(tDate, 'YYYY-MM') AS Transaction_Month,
  3    SUM(Amount) AS Total_Transactions
  4  FROM Transactions
  5  GROUP BY TO_CHAR(tDate, 'YYYY-MM');

TRANSAC TOTAL_TRANSACTIONS                                                                                                                                                                              
------- ------------------                                                                                                                                                                              
2023-01               1500                                                                                                                                                                              
2022-01               1000                                                                                                                                                                              
2025-01                200                                                                                                                                                                              
2021-01                500                                                                                                                                                                              
2024-01               2000                                                                                                                                                                              

SQL> select * from secure_active_accounts
  2  where balance > 10000;
select * from secure_active_accounts
              *
ERROR at line 1:
ORA-00942: table or view does not exist 


SQL> SELECT view_name
  2  FROM user_views
  3  WHERE view_name = 'SECURE_ACTIVE_ACCOUNTS';

no rows selected

SQL> drop view if exists monthly_transaction_summery;
drop view if exists monthly_transaction_summery
             *
ERROR at line 1:
ORA-00933: SQL command not properly ended 


SQL> DROP VIEW IF EXISTS view_name;
DROP VIEW IF EXISTS view_name
             *
ERROR at line 1:
ORA-00933: SQL command not properly ended 


SQL> spool off;
