SQL> select * from customers;

CUSTOMER_ID                                                                     
-----------                                                                     
NAME                                                                            
--------------------------------------------------------------------------------
EMAIL                                                                           
--------------------------------------------------------------------------------
PHONE                                                                           
---------------                                                                 
ADDRESS                                                                         
--------------------------------------------------------------------------------
  ISACTIVE                                                                      
----------                                                                      
          1                                                                     

CUSTOMER_ID                                                                     
-----------                                                                     
NAME                                                                            
--------------------------------------------------------------------------------
EMAIL                                                                           
--------------------------------------------------------------------------------
PHONE                                                                           
---------------                                                                 
ADDRESS                                                                         
--------------------------------------------------------------------------------
  ISACTIVE                                                                      
----------                                                                      
Atharv yadav                                                                    

CUSTOMER_ID                                                                     
-----------                                                                     
NAME                                                                            
--------------------------------------------------------------------------------
EMAIL                                                                           
--------------------------------------------------------------------------------
PHONE                                                                           
---------------                                                                 
ADDRESS                                                                         
--------------------------------------------------------------------------------
  ISACTIVE                                                                      
----------                                                                      
av12@gmail,com                                                                  

CUSTOMER_ID                                                                     
-----------                                                                     
NAME                                                                            
--------------------------------------------------------------------------------
EMAIL                                                                           
--------------------------------------------------------------------------------
PHONE                                                                           
---------------                                                                 
ADDRESS                                                                         
--------------------------------------------------------------------------------
  ISACTIVE                                                                      
----------                                                                      
7894561230                                                                      

CUSTOMER_ID                                                                     
-----------                                                                     
NAME                                                                            
--------------------------------------------------------------------------------
EMAIL                                                                           
--------------------------------------------------------------------------------
PHONE                                                                           
---------------                                                                 
ADDRESS                                                                         
--------------------------------------------------------------------------------
  ISACTIVE                                                                      
----------                                                                      
123 satara                                                                      

CUSTOMER_ID                                                                     
-----------                                                                     
NAME                                                                            
--------------------------------------------------------------------------------
EMAIL                                                                           
--------------------------------------------------------------------------------
PHONE                                                                           
---------------                                                                 
ADDRESS                                                                         
--------------------------------------------------------------------------------
  ISACTIVE                                                                      
----------                                                                      
                                                                                

CUSTOMER_ID                                                                     
-----------                                                                     
NAME                                                                            
--------------------------------------------------------------------------------
EMAIL                                                                           
--------------------------------------------------------------------------------
PHONE                                                                           
---------------                                                                 
ADDRESS                                                                         
--------------------------------------------------------------------------------
  ISACTIVE                                                                      
----------                                                                      
                                                                                

CUSTOMER_ID                                                                     
-----------                                                                     
NAME                                                                            
--------------------------------------------------------------------------------
EMAIL                                                                           
--------------------------------------------------------------------------------
PHONE                                                                           
---------------                                                                 
ADDRESS                                                                         
--------------------------------------------------------------------------------
  ISACTIVE                                                                      
----------                                                                      
          2                                                                     

CUSTOMER_ID                                                                     
-----------                                                                     
NAME                                                                            
--------------------------------------------------------------------------------
EMAIL                                                                           
--------------------------------------------------------------------------------
PHONE                                                                           
---------------                                                                 
ADDRESS                                                                         
--------------------------------------------------------------------------------
  ISACTIVE                                                                      
----------                                                                      
satish ghuge                                                                    

CUSTOMER_ID                                                                     
-----------                                                                     
NAME                                                                            
--------------------------------------------------------------------------------
EMAIL                                                                           
--------------------------------------------------------------------------------
PHONE                                                                           
---------------                                                                 
ADDRESS                                                                         
--------------------------------------------------------------------------------
  ISACTIVE                                                                      
----------                                                                      
sg@gmail,com                                                                    

CUSTOMER_ID                                                                     
-----------                                                                     
NAME                                                                            
--------------------------------------------------------------------------------
EMAIL                                                                           
--------------------------------------------------------------------------------
PHONE                                                                           
---------------                                                                 
ADDRESS                                                                         
--------------------------------------------------------------------------------
  ISACTIVE                                                                      
----------                                                                      
7894561230                                                                      

CUSTOMER_ID                                                                     
-----------                                                                     
NAME                                                                            
--------------------------------------------------------------------------------
EMAIL                                                                           
--------------------------------------------------------------------------------
PHONE                                                                           
---------------                                                                 
ADDRESS                                                                         
--------------------------------------------------------------------------------
  ISACTIVE                                                                      
----------                                                                      
12 sambhajinagar                                                                

CUSTOMER_ID                                                                     
-----------                                                                     
NAME                                                                            
--------------------------------------------------------------------------------
EMAIL                                                                           
--------------------------------------------------------------------------------
PHONE                                                                           
---------------                                                                 
ADDRESS                                                                         
--------------------------------------------------------------------------------
  ISACTIVE                                                                      
----------                                                                      
                                                                                

CUSTOMER_ID                                                                     
-----------                                                                     
NAME                                                                            
--------------------------------------------------------------------------------
EMAIL                                                                           
--------------------------------------------------------------------------------
PHONE                                                                           
---------------                                                                 
ADDRESS                                                                         
--------------------------------------------------------------------------------
  ISACTIVE                                                                      
----------                                                                      
                                                                                

CUSTOMER_ID                                                                     
-----------                                                                     
NAME                                                                            
--------------------------------------------------------------------------------
EMAIL                                                                           
--------------------------------------------------------------------------------
PHONE                                                                           
---------------                                                                 
ADDRESS                                                                         
--------------------------------------------------------------------------------
  ISACTIVE                                                                      
----------                                                                      
          3                                                                     

CUSTOMER_ID                                                                     
-----------                                                                     
NAME                                                                            
--------------------------------------------------------------------------------
EMAIL                                                                           
--------------------------------------------------------------------------------
PHONE                                                                           
---------------                                                                 
ADDRESS                                                                         
--------------------------------------------------------------------------------
  ISACTIVE                                                                      
----------                                                                      
ajay kedia                                                                      

CUSTOMER_ID                                                                     
-----------                                                                     
NAME                                                                            
--------------------------------------------------------------------------------
EMAIL                                                                           
--------------------------------------------------------------------------------
PHONE                                                                           
---------------                                                                 
ADDRESS                                                                         
--------------------------------------------------------------------------------
  ISACTIVE                                                                      
----------                                                                      
ak@gmail,com                                                                    

CUSTOMER_ID                                                                     
-----------                                                                     
NAME                                                                            
--------------------------------------------------------------------------------
EMAIL                                                                           
--------------------------------------------------------------------------------
PHONE                                                                           
---------------                                                                 
ADDRESS                                                                         
--------------------------------------------------------------------------------
  ISACTIVE                                                                      
----------                                                                      
5254789846                                                                      

CUSTOMER_ID                                                                     
-----------                                                                     
NAME                                                                            
--------------------------------------------------------------------------------
EMAIL                                                                           
--------------------------------------------------------------------------------
PHONE                                                                           
---------------                                                                 
ADDRESS                                                                         
--------------------------------------------------------------------------------
  ISACTIVE                                                                      
----------                                                                      
21 mumbai                                                                       

CUSTOMER_ID                                                                     
-----------                                                                     
NAME                                                                            
--------------------------------------------------------------------------------
EMAIL                                                                           
--------------------------------------------------------------------------------
PHONE                                                                           
---------------                                                                 
ADDRESS                                                                         
--------------------------------------------------------------------------------
  ISACTIVE                                                                      
----------                                                                      
                                                                                

CUSTOMER_ID                                                                     
-----------                                                                     
NAME                                                                            
--------------------------------------------------------------------------------
EMAIL                                                                           
--------------------------------------------------------------------------------
PHONE                                                                           
---------------                                                                 
ADDRESS                                                                         
--------------------------------------------------------------------------------
  ISACTIVE                                                                      
----------                                                                      
                                                                                

CUSTOMER_ID                                                                     
-----------                                                                     
NAME                                                                            
--------------------------------------------------------------------------------
EMAIL                                                                           
--------------------------------------------------------------------------------
PHONE                                                                           
---------------                                                                 
ADDRESS                                                                         
--------------------------------------------------------------------------------
  ISACTIVE                                                                      
----------                                                                      
          4                                                                     

CUSTOMER_ID                                                                     
-----------                                                                     
NAME                                                                            
--------------------------------------------------------------------------------
EMAIL                                                                           
--------------------------------------------------------------------------------
PHONE                                                                           
---------------                                                                 
ADDRESS                                                                         
--------------------------------------------------------------------------------
  ISACTIVE                                                                      
----------                                                                      
harshad mehta                                                                   

CUSTOMER_ID                                                                     
-----------                                                                     
NAME                                                                            
--------------------------------------------------------------------------------
EMAIL                                                                           
--------------------------------------------------------------------------------
PHONE                                                                           
---------------                                                                 
ADDRESS                                                                         
--------------------------------------------------------------------------------
  ISACTIVE                                                                      
----------                                                                      
hm@gmail,com                                                                    

CUSTOMER_ID                                                                     
-----------                                                                     
NAME                                                                            
--------------------------------------------------------------------------------
EMAIL                                                                           
--------------------------------------------------------------------------------
PHONE                                                                           
---------------                                                                 
ADDRESS                                                                         
--------------------------------------------------------------------------------
  ISACTIVE                                                                      
----------                                                                      
7584658944                                                                      

CUSTOMER_ID                                                                     
-----------                                                                     
NAME                                                                            
--------------------------------------------------------------------------------
EMAIL                                                                           
--------------------------------------------------------------------------------
PHONE                                                                           
---------------                                                                 
ADDRESS                                                                         
--------------------------------------------------------------------------------
  ISACTIVE                                                                      
----------                                                                      
23 south mumbai                                                                 

CUSTOMER_ID                                                                     
-----------                                                                     
NAME                                                                            
--------------------------------------------------------------------------------
EMAIL                                                                           
--------------------------------------------------------------------------------
PHONE                                                                           
---------------                                                                 
ADDRESS                                                                         
--------------------------------------------------------------------------------
  ISACTIVE                                                                      
----------                                                                      
                                                                                

CUSTOMER_ID                                                                     
-----------                                                                     
NAME                                                                            
--------------------------------------------------------------------------------
EMAIL                                                                           
--------------------------------------------------------------------------------
PHONE                                                                           
---------------                                                                 
ADDRESS                                                                         
--------------------------------------------------------------------------------
  ISACTIVE                                                                      
----------                                                                      
                                                                                

CUSTOMER_ID                                                                     
-----------                                                                     
NAME                                                                            
--------------------------------------------------------------------------------
EMAIL                                                                           
--------------------------------------------------------------------------------
PHONE                                                                           
---------------                                                                 
ADDRESS                                                                         
--------------------------------------------------------------------------------
  ISACTIVE                                                                      
----------                                                                      
          5                                                                     

CUSTOMER_ID                                                                     
-----------                                                                     
NAME                                                                            
--------------------------------------------------------------------------------
EMAIL                                                                           
--------------------------------------------------------------------------------
PHONE                                                                           
---------------                                                                 
ADDRESS                                                                         
--------------------------------------------------------------------------------
  ISACTIVE                                                                      
----------                                                                      
adity dude                                                                      

CUSTOMER_ID                                                                     
-----------                                                                     
NAME                                                                            
--------------------------------------------------------------------------------
EMAIL                                                                           
--------------------------------------------------------------------------------
PHONE                                                                           
---------------                                                                 
ADDRESS                                                                         
--------------------------------------------------------------------------------
  ISACTIVE                                                                      
----------                                                                      
ad@gmail,com                                                                    

CUSTOMER_ID                                                                     
-----------                                                                     
NAME                                                                            
--------------------------------------------------------------------------------
EMAIL                                                                           
--------------------------------------------------------------------------------
PHONE                                                                           
---------------                                                                 
ADDRESS                                                                         
--------------------------------------------------------------------------------
  ISACTIVE                                                                      
----------                                                                      
4455665859                                                                      

CUSTOMER_ID                                                                     
-----------                                                                     
NAME                                                                            
--------------------------------------------------------------------------------
EMAIL                                                                           
--------------------------------------------------------------------------------
PHONE                                                                           
---------------                                                                 
ADDRESS                                                                         
--------------------------------------------------------------------------------
  ISACTIVE                                                                      
----------                                                                      
56 wai                                                                          

CUSTOMER_ID                                                                     
-----------                                                                     
NAME                                                                            
--------------------------------------------------------------------------------
EMAIL                                                                           
--------------------------------------------------------------------------------
PHONE                                                                           
---------------                                                                 
ADDRESS                                                                         
--------------------------------------------------------------------------------
  ISACTIVE                                                                      
----------                                                                      
                                                                                

CUSTOMER_ID                                                                     
-----------                                                                     
NAME                                                                            
--------------------------------------------------------------------------------
EMAIL                                                                           
--------------------------------------------------------------------------------
PHONE                                                                           
---------------                                                                 
ADDRESS                                                                         
--------------------------------------------------------------------------------
  ISACTIVE                                                                      
----------                                                                      
                                                                                

SQL> set pagesize 200;
SQL> set linesize 20;
SQL> /

CUSTOMER_ID         
-----------         
NAME                
--------------------
EMAIL               
--------------------
PHONE               
---------------     
ADDRESS             
--------------------
  ISACTIVE          
----------          
          1         
Atharv yadav        
av12@gmail,com      
7894561230          
123 satara          
                    
                    
          2         
satish ghuge        
sg@gmail,com        
7894561230          
12 sambhajinagar    
                    
                    
          3         
ajay kedia          
ak@gmail,com        
5254789846          
21 mumbai           
                    
                    
          4         
harshad mehta       
hm@gmail,com        
7584658944          
23 south mumbai     
                    
                    
          5         
adity dude          
ad@gmail,com        
4455665859          
56 wai              
                    
                    

SQL> set pagesize 200;
SQL> set linesize 200;
SQL> /

CUSTOMER_ID NAME                                                                                                                                                                                        
----------- ----------------------------------------------------------------------------------------------------                                                                                        
EMAIL                                                                                                PHONE                                                                                              
---------------------------------------------------------------------------------------------------- ---------------                                                                                    
ADDRESS                                                                                                                                                                                                 
--------------------------------------------------------------------------------------------------------------------------------------------------------------------------------------------------------
  ISACTIVE                                                                                                                                                                                              
----------                                                                                                                                                                                              
          1 Atharv yadav                                                                                                                                                                                
av12@gmail,com                                                                                       7894561230                                                                                         
123 satara                                                                                                                                                                                              
                                                                                                                                                                                                        
                                                                                                                                                                                                        
          2 satish ghuge                                                                                                                                                                                
sg@gmail,com                                                                                         7894561230                                                                                         
12 sambhajinagar                                                                                                                                                                                        
                                                                                                                                                                                                        
                                                                                                                                                                                                        
          3 ajay kedia                                                                                                                                                                                  
ak@gmail,com                                                                                         5254789846                                                                                         
21 mumbai                                                                                                                                                                                               
                                                                                                                                                                                                        
                                                                                                                                                                                                        
          4 harshad mehta                                                                                                                                                                               
hm@gmail,com                                                                                         7584658944                                                                                         
23 south mumbai                                                                                                                                                                                         
                                                                                                                                                                                                        
                                                                                                                                                                                                        
          5 adity dude                                                                                                                                                                                  
ad@gmail,com                                                                                         4455665859                                                                                         
56 wai                                                                                                                                                                                                  
                                                                                                                                                                                                        
                                                                                                                                                                                                        

SQL> col name fromat a12;
SP2-0158: unknown COLUMN option "fromat"
SQL> col name format a12;
SQL> col customer_id format a12;
SQL> col email format a12;
SQL> col address format a12;
SQL> /

CUSTOMER_ID NAME         EMAIL        PHONE           ADDRESS        ISACTIVE                                                                                                                           
----------- ------------ ------------ --------------- ------------ ----------                                                                                                                           
 ########## Atharv yadav av12@gmail,c 7894561230      123 satara                                                                                                                                        
                         om                                                                                                                                                                             
                                                                                                                                                                                                        
 ########## satish ghuge sg@gmail,com 7894561230      12 sambhajin                                                                                                                                      
                                                      agar                                                                                                                                              
                                                                                                                                                                                                        
 ########## ajay kedia   ak@gmail,com 5254789846      21 mumbai                                                                                                                                         
 ########## harshad meht hm@gmail,com 7584658944      23 south mum                                                                                                                                      
            a                                         bai                                                                                                                                               
                                                                                                                                                                                                        
 ########## adity dude   ad@gmail,com 4455665859      56 wai                                                                                                                                            

SQL> col customer_id format a15;
SQL> /

CUSTOMER_ID NAME         EMAIL        PHONE           ADDRESS        ISACTIVE                                                                                                                           
----------- ------------ ------------ --------------- ------------ ----------                                                                                                                           
 ########## Atharv yadav av12@gmail,c 7894561230      123 satara                                                                                                                                        
                         om                                                                                                                                                                             
                                                                                                                                                                                                        
 ########## satish ghuge sg@gmail,com 7894561230      12 sambhajin                                                                                                                                      
                                                      agar                                                                                                                                              
                                                                                                                                                                                                        
 ########## ajay kedia   ak@gmail,com 5254789846      21 mumbai                                                                                                                                         
 ########## harshad meht hm@gmail,com 7584658944      23 south mum                                                                                                                                      
            a                                         bai                                                                                                                                               
                                                                                                                                                                                                        
 ########## adity dude   ad@gmail,com 4455665859      56 wai                                                                                                                                            

SQL> col customer_id format a19;
SQL> /

CUSTOMER_ID NAME         EMAIL        PHONE           ADDRESS        ISACTIVE                                                                                                                           
----------- ------------ ------------ --------------- ------------ ----------                                                                                                                           
 ########## Atharv yadav av12@gmail,c 7894561230      123 satara                                                                                                                                        
                         om                                                                                                                                                                             
                                                                                                                                                                                                        
 ########## satish ghuge sg@gmail,com 7894561230      12 sambhajin                                                                                                                                      
                                                      agar                                                                                                                                              
                                                                                                                                                                                                        
 ########## ajay kedia   ak@gmail,com 5254789846      21 mumbai                                                                                                                                         
 ########## harshad meht hm@gmail,com 7584658944      23 south mum                                                                                                                                      
            a                                         bai                                                                                                                                               
                                                                                                                                                                                                        
 ########## adity dude   ad@gmail,com 4455665859      56 wai                                                                                                                                            

SQL> col customer_id format a9;
SQL> /

CUSTOMER_ID NAME         EMAIL        PHONE           ADDRESS        ISACTIVE                                                                                                                           
----------- ------------ ------------ --------------- ------------ ----------                                                                                                                           
 ########## Atharv yadav av12@gmail,c 7894561230      123 satara                                                                                                                                        
                         om                                                                                                                                                                             
                                                                                                                                                                                                        
 ########## satish ghuge sg@gmail,com 7894561230      12 sambhajin                                                                                                                                      
                                                      agar                                                                                                                                              
                                                                                                                                                                                                        
 ########## ajay kedia   ak@gmail,com 5254789846      21 mumbai                                                                                                                                         
 ########## harshad meht hm@gmail,com 7584658944      23 south mum                                                                                                                                      
            a                                         bai                                                                                                                                               
                                                                                                                                                                                                        
 ########## adity dude   ad@gmail,com 4455665859      56 wai                                                                                                                                            

SQL> col phone format a19;
SQL> col name format a19;
SQL> /

CUSTOMER_ID NAME                EMAIL        PHONE               ADDRESS        ISACTIVE                                                                                                                
----------- ------------------- ------------ ------------------- ------------ ----------                                                                                                                
 ########## Atharv yadav        av12@gmail,c 7894561230          123 satara                                                                                                                             
                                om                                                                                                                                                                      
                                                                                                                                                                                                        
 ########## satish ghuge        sg@gmail,com 7894561230          12 sambhajin                                                                                                                           
                                                                 agar                                                                                                                                   
                                                                                                                                                                                                        
 ########## ajay kedia          ak@gmail,com 5254789846          21 mumbai                                                                                                                              
 ########## harshad mehta       hm@gmail,com 7584658944          23 south mum                                                                                                                           
                                                                 bai                                                                                                                                    
                                                                                                                                                                                                        
 ########## adity dude          ad@gmail,com 4455665859          56 wai                                                                                                                                 

SQL> col email format a19;
SQL> /

CUSTOMER_ID NAME                EMAIL               PHONE               ADDRESS        ISACTIVE                                                                                                         
----------- ------------------- ------------------- ------------------- ------------ ----------                                                                                                         
 ########## Atharv yadav        av12@gmail,com      7894561230          123 satara                                                                                                                      
 ########## satish ghuge        sg@gmail,com        7894561230          12 sambhajin                                                                                                                    
                                                                        agar                                                                                                                            
                                                                                                                                                                                                        
 ########## ajay kedia          ak@gmail,com        5254789846          21 mumbai                                                                                                                       
 ########## harshad mehta       hm@gmail,com        7584658944          23 south mum                                                                                                                    
                                                                        bai                                                                                                                             
                                                                                                                                                                                                        
 ########## adity dude          ad@gmail,com        4455665859          56 wai                                                                                                                          

SQL> col name format a19;
SQL> /

CUSTOMER_ID NAME                EMAIL               PHONE               ADDRESS        ISACTIVE                                                                                                         
----------- ------------------- ------------------- ------------------- ------------ ----------                                                                                                         
 ########## Atharv yadav        av12@gmail,com      7894561230          123 satara                                                                                                                      
 ########## satish ghuge        sg@gmail,com        7894561230          12 sambhajin                                                                                                                    
                                                                        agar                                                                                                                            
                                                                                                                                                                                                        
 ########## ajay kedia          ak@gmail,com        5254789846          21 mumbai                                                                                                                       
 ########## harshad mehta       hm@gmail,com        7584658944          23 south mum                                                                                                                    
                                                                        bai                                                                                                                             
                                                                                                                                                                                                        
 ########## adity dude          ad@gmail,com        4455665859          56 wai                                                                                                                          

SQL> col customer_id format a19;
SQL> /

CUSTOMER_ID NAME                EMAIL               PHONE               ADDRESS        ISACTIVE                                                                                                         
----------- ------------------- ------------------- ------------------- ------------ ----------                                                                                                         
 ########## Atharv yadav        av12@gmail,com      7894561230          123 satara                                                                                                                      
 ########## satish ghuge        sg@gmail,com        7894561230          12 sambhajin                                                                                                                    
                                                                        agar                                                                                                                            
                                                                                                                                                                                                        
 ########## ajay kedia          ak@gmail,com        5254789846          21 mumbai                                                                                                                       
 ########## harshad mehta       hm@gmail,com        7584658944          23 south mum                                                                                                                    
                                                                        bai                                                                                                                             
                                                                                                                                                                                                        
 ########## adity dude          ad@gmail,com        4455665859          56 wai                                                                                                                          

SQL> select customer_id, count(account_id) as total_accounts
  2  from customers
  3  group by customer_id;
select customer_id, count(account_id) as total_accounts
                          *
ERROR at line 1:
ORA-00904: "ACCOUNT_ID": invalid identifier 


SQL> select customer_id, count(account_id) as total_accounts
  2  from accounts
  3  group by customer_id;

CUSTOMER_ID TOTAL_ACCOUNTS                                                                                                                                                                              
----------- --------------                                                                                                                                                                              
 ##########              1                                                                                                                                                                              
 ##########              1                                                                                                                                                                              
 ##########              1                                                                                                                                                                              
 ##########              1                                                                                                                                                                              
 ##########              1                                                                                                                                                                              

SQL> COLUMN name FORMAT A20
SQL> COLUMN email FORMAT A25
SQL> COLUMN phone FORMAT A12
SQL> COLUMN address FORMAT A30
SQL> /

CUSTOMER_ID TOTAL_ACCOUNTS                                                                                                                                                                              
----------- --------------                                                                                                                                                                              
 ##########              1                                                                                                                                                                              
 ##########              1                                                                                                                                                                              
 ##########              1                                                                                                                                                                              
 ##########              1                                                                                                                                                                              
 ##########              1                                                                                                                                                                              

SQL> COLUMN address FORMAT A30/
SP2-0246: Illegal FORMAT string "A30/"
SQL> COLUMN address FORMAT A30
SQL> /

CUSTOMER_ID TOTAL_ACCOUNTS                                                                                                                                                                              
----------- --------------                                                                                                                                                                              
 ##########              1                                                                                                                                                                              
 ##########              1                                                                                                                                                                              
 ##########              1                                                                                                                                                                              
 ##########              1                                                                                                                                                                              
 ##########              1                                                                                                                                                                              

SQL> COLUMN customer_id FORMAT 9999999999
SQL> ;
  1  select customer_id, count(account_id) as total_accounts
  2  from accounts
  3* group by customer_id
SQL> /

CUSTOMER_ID TOTAL_ACCOUNTS                                                                                                                                                                              
----------- --------------                                                                                                                                                                              
          1              1                                                                                                                                                                              
          2              1                                                                                                                                                                              
          4              1                                                                                                                                                                              
          5              1                                                                                                                                                                              
          3              1                                                                                                                                                                              

SQL> select account_type,count(balance) as total_balance
  2  from aacounts
  3  group by account_type;
from aacounts
     *
ERROR at line 2:
ORA-00942: table or view does not exist 


SQL> ed
Wrote file afiedt.buf

  1  select account_type,sum(balance) as total_balance
  2  from aacounts
  3* group by account_type
SQL> /
from aacounts
     *
ERROR at line 2:
ORA-00942: table or view does not exist 


SQL> ed
Wrote file afiedt.buf

  1  select account_type,sum(balance) as total_balance
  2  from accounts
  3* group by account_type
SQL> /

ACCOUNT_TYPE         TOTAL_BALANCE                                                                                                                                                                      
-------------------- -------------                                                                                                                                                                      
current                       8000                                                                                                                                                                      
saving                        6000                                                                                                                                                                      

SQL> select account_id
  2  avg(balance) as avg_balance
  3  from accounts
  4  group by account_id;
avg(balance) as avg_balance
   *
ERROR at line 2:
ORA-00923: FROM keyword not found where expected 


SQL> ed
Wrote file afiedt.buf

  1  select account_id,
  2  avg(balance) as avg_balance
  3  from accounts
  4* group by account_id
SQL> /

ACCOUNT_ID AVG_BALANCE                                                                                                                                                                                  
---------- -----------                                                                                                                                                                                  
         1        1500                                                                                                                                                                                  
         2        2000                                                                                                                                                                                  
         3        2500                                                                                                                                                                                  
         4        3000                                                                                                                                                                                  
         5        5000                                                                                                                                                                                  

SQL> select customer_id, count(count_id) as num_of_accounts
  2  from accounts
  3  group by customer_id, num_of
  4  ;
group by customer_id, num_of
                      *
ERROR at line 3:
ORA-00904: "NUM_OF": invalid identifier 


SQL> ed
Wrote file afiedt.buf

  1  select customer_id, count(count_id) as num_of_accounts
  2  from accounts
  3* group by customer_id, num_of_accounts
  4  /
group by customer_id, num_of_accounts
                      *
ERROR at line 3:
ORA-00904: "NUM_OF_ACCOUNTS": invalid identifier 


SQL> ed
Wrote file afiedt.buf

  1  select customer_id, count(count_id) as num_of_accounts
  2  from accounts
  3  group by customer_id
  4* having count(count_id) >1
SQL> /
having count(count_id) >1
             *
ERROR at line 4:
ORA-00904: "COUNT_ID": invalid identifier 


SQL> ed
Wrote file afiedt.buf

  1  select customer_id, count(count_id) as num_of_accounts
  2  from accounts
  3  group by customer_id
  4* having count(account_id) > 1
SQL> /
select customer_id, count(count_id) as num_of_accounts
                          *
ERROR at line 1:
ORA-00904: "COUNT_ID": invalid identifier 


SQL> ed
Wrote file afiedt.buf

  1  select customer_id, count(account_id) as num_of_accounts
  2  from accounts
  3  group by customer_id
  4* having count(account_id) > 1
SQL> /

no rows selected

SQL> select * from accounts;

ACCOUNT_ID CUSTOMER_ID ACCOUNT_TYPE            BALANCE                                                                                                                                                  
---------- ----------- -------------------- ----------                                                                                                                                                  
         1           1 saving                     1500                                                                                                                                                  
         2           2 saving                     2000                                                                                                                                                  
         3           3 saving                     2500                                                                                                                                                  
         4           4 current                    3000                                                                                                                                                  
         5           5 current                    5000                                                                                                                                                  

SQL> select * from transactions;

TRANSACTION_ID ACCOUNT_ID TDATE         AMOUNT TRANSACTION_TYPE                                                                                                                                         
-------------- ---------- --------- ---------- --------------------                                                                                                                                     
             1          1 01-JAN-21        500 deposit                                                                                                                                                  
             2          2 01-JAN-22       1000 deposit                                                                                                                                                  
             3          3 01-JAN-23       1500 deposit                                                                                                                                                  
             4          4 01-JAN-24       2000 deposit                                                                                                                                                  
             5          5 01-JAN-25        200 deposit                                                                                                                                                  

SQL> select account_id,sum(amount) as total_amount
  2  from transactions
  3  group by account
  4  /
group by account
         *
ERROR at line 3:
ORA-00904: "ACCOUNT": invalid identifier 


SQL> ed
Wrote file afiedt.buf

  1  select account_id,sum(amount) as total_amount
  2  from transactions
  3* group by account_id
SQL> /

ACCOUNT_ID TOTAL_AMOUNT                                                                                                                                                                                 
---------- ------------                                                                                                                                                                                 
         1          500                                                                                                                                                                                 
         2         1000                                                                                                                                                                                 
         4         2000                                                                                                                                                                                 
         5          200                                                                                                                                                                                 
         3         1500                                                                                                                                                                                 

SQL> select transaction_id, avg(amount) as avg_transaction
  2  from transactions
  3  group by transaction_id;

TRANSACTION_ID AVG_TRANSACTION                                                                                                                                                                          
-------------- ---------------                                                                                                                                                                          
             1             500                                                                                                                                                                          
             2            1000                                                                                                                                                                          
             3            1500                                                                                                                                                                          
             4            2000                                                                                                                                                                          
             5             200                                                                                                                                                                          

SQL> ed
Wrote file afiedt.buf

  1  select account_id, avg(amount) as avg_transaction
  2  from transactions
  3* group by transaction_id
SQL> /
select account_id, avg(amount) as avg_transaction
       *
ERROR at line 1:
ORA-00979: not a GROUP BY expression 


SQL> ed
Wrote file afiedt.buf

  1  select account_id, avg(amount) as avg_transaction
  2  from transactions
  3* group by account_id
SQL> /

ACCOUNT_ID AVG_TRANSACTION                                                                                                                                                                              
---------- ---------------                                                                                                                                                                              
         1             500                                                                                                                                                                              
         2            1000                                                                                                                                                                              
         4            2000                                                                                                                                                                              
         5             200                                                                                                                                                                              
         3            1500                                                                                                                                                                              

SQL> select account_id, count(transaction_id) as num_deposits
  2  from transactions
  3  where transaction_type = 'Deposit'
  4  group by account_id
  5  /

no rows selected

SQL> SELECT account_id, COUNT(transaction_id) AS num_deposits
  2  FROM transactions
  3  WHERE transaction_type = 'Deposit'
  4  GROUP BY account_id;

no rows selected

SQL> select account_id, max(amount) as transaction_amount
  2  from transactions
  3  group by account_id
  4  /

ACCOUNT_ID TRANSACTION_AMOUNT                                                                                                                                                                           
---------- ------------------                                                                                                                                                                           
         1                500                                                                                                                                                                           
         2               1000                                                                                                                                                                           
         4               2000                                                                                                                                                                           
         5                200                                                                                                                                                                           
         3               1500                                                                                                                                                                           

SQL> ed
Wrote file afiedt.buf

  1  select account_id, max(transaction_amount) as transaction_amount
  2  from transactions
  3* group by account_id
SQL> /
select account_id, max(transaction_amount) as transaction_amount
                       *
ERROR at line 1:
ORA-00904: "TRANSACTION_AMOUNT": invalid identifier 


SQL> ed
Wrote file afiedt.buf

  1  select account_id, max(amount) as transaction_amount
  2  from transactions
  3* group by account_id
SQL> /

ACCOUNT_ID TRANSACTION_AMOUNT                                                                                                                                                                           
---------- ------------------                                                                                                                                                                           
         1                500                                                                                                                                                                           
         2               1000                                                                                                                                                                           
         4               2000                                                                                                                                                                           
         5                200                                                                                                                                                                           
         3               1500                                                                                                                                                                           

SQL> select account_type, min(balance) as min_balance
  2  from accounts
  3  group by account_type
  4  /

ACCOUNT_TYPE         MIN_BALANCE                                                                                                                                                                        
-------------------- -----------                                                                                                                                                                        
current                     3000                                                                                                                                                                        
saving                      1500                                                                                                                                                                        

SQL> select * from customers;

CUSTOMER_ID NAME                 EMAIL                     PHONE        ADDRESS                          ISACTIVE                                                                                       
----------- -------------------- ------------------------- ------------ ------------------------------ ----------                                                                                       
          1 Atharv yadav         av12@gmail,com            7894561230   123 satara                                                                                                                      
          2 satish ghuge         sg@gmail,com              7894561230   12 sambhajinagar                                                                                                                
          3 ajay kedia           ak@gmail,com              5254789846   21 mumbai                                                                                                                       
          4 harshad mehta        hm@gmail,com              7584658944   23 south mumbai                                                                                                                 
          5 adity dude           ad@gmail,com              4455665859   56 wai                                                                                                                          

SQL> select account_id, avg(balance) from accounts
  2  where balance >500
  3  /
select account_id, avg(balance) from accounts
       *
ERROR at line 1:
ORA-00937: not a single-group group function 


SQL> ed
Wrote file afiedt.buf

  1  select customer_id
  2   from accounts
  3  group by customer_id
  4* having avg(balance) >500
SQL> /

CUSTOMER_ID                                                                                                                                                                                             
-----------                                                                                                                                                                                             
          1                                                                                                                                                                                             
          2                                                                                                                                                                                             
          4                                                                                                                                                                                             
          5                                                                                                                                                                                             
          3                                                                                                                                                                                             

SQL> ed
Wrote file afiedt.buf

  1  select customer_id
  2   from accounts
  3  group by customer_id
  4* having avg(balance) >1500
SQL> /

CUSTOMER_ID                                                                                                                                                                                             
-----------                                                                                                                                                                                             
          2                                                                                                                                                                                             
          4                                                                                                                                                                                             
          5                                                                                                                                                                                             
          3                                                                                                                                                                                             

SQL> select account_type, count(transaction_id)
  2  from transcations
  3  group by account_type;
from transcations
     *
ERROR at line 2:
ORA-00942: table or view does not exist 


SQL> ed
Wrote file afiedt.buf

  1  select account_type, count(transaction_id)as total
  2  from transcations
  3* group by account_type
SQL> /
from transcations
     *
ERROR at line 2:
ORA-00942: table or view does not exist 


SQL> ed
Wrote file afiedt.buf

  1  select account_type, count(transaction_id)as total
  2  from transactions
  3* group by account_type
SQL> /
group by account_type
         *
ERROR at line 3:
ORA-00904: "ACCOUNT_TYPE": invalid identifier 


SQL> SELECT account_type, COUNT(transaction_id) AS total
  2  FROM transactions
  3  GROUP BY account_type;
GROUP BY account_type
         *
ERROR at line 3:
ORA-00904: "ACCOUNT_TYPE": invalid identifier 


SQL> SELECT account_type, COUNT(transaction_id) AS total
  2  FROM transactions
  3  GROUP BY account_type;
GROUP BY account_type
         *
ERROR at line 3:
ORA-00904: "ACCOUNT_TYPE": invalid identifier 


SQL> select tdate,sum(amount) as total_amount
  2  from transactions
  3  group by tdate
  4  order by tdate;

TDATE     TOTAL_AMOUNT                                                                                                                                                                                  
--------- ------------                                                                                                                                                                                  
01-JAN-21          500                                                                                                                                                                                  
01-JAN-22         1000                                                                                                                                                                                  
01-JAN-23         1500                                                                                                                                                                                  
01-JAN-24         2000                                                                                                                                                                                  
01-JAN-25          200                                                                                                                                                                                  

SQL> select * from trnasactions;
select * from trnasactions
              *
ERROR at line 1:
ORA-00942: table or view does not exist 


SQL> select * from trnasaction;
select * from trnasaction
              *
ERROR at line 1:
ORA-00942: table or view does not exist 


SQL> select * from transaction;
select * from transaction
              *
ERROR at line 1:
ORA-00942: table or view does not exist 


SQL> select * from transactions;

TRANSACTION_ID ACCOUNT_ID TDATE         AMOUNT TRANSACTION_TYPE                                                                                                                                         
-------------- ---------- --------- ---------- --------------------                                                                                                                                     
             1          1 01-JAN-21        500 deposit                                                                                                                                                  
             2          2 01-JAN-22       1000 deposit                                                                                                                                                  
             3          3 01-JAN-23       1500 deposit                                                                                                                                                  
             4          4 01-JAN-24       2000 deposit                                                                                                                                                  
             5          5 01-JAN-25        200 deposit                                                                                                                                                  

SQL> select * from accounts;

ACCOUNT_ID CUSTOMER_ID ACCOUNT_TYPE            BALANCE                                                                                                                                                  
---------- ----------- -------------------- ----------                                                                                                                                                  
         1           1 saving                     1500                                                                                                                                                  
         2           2 saving                     2000                                                                                                                                                  
         3           3 saving                     2500                                                                                                                                                  
         4           4 current                    3000                                                                                                                                                  
         5           5 current                    5000                                                                                                                                                  

SQL> select * from customers;

CUSTOMER_ID NAME                 EMAIL                     PHONE        ADDRESS                          ISACTIVE                                                                                       
----------- -------------------- ------------------------- ------------ ------------------------------ ----------                                                                                       
          1 Atharv yadav         av12@gmail,com            7894561230   123 satara                                                                                                                      
          2 satish ghuge         sg@gmail,com              7894561230   12 sambhajinagar                                                                                                                
          3 ajay kedia           ak@gmail,com              5254789846   21 mumbai                                                                                                                       
          4 harshad mehta        hm@gmail,com              7584658944   23 south mumbai                                                                                                                 
          5 adity dude           ad@gmail,com              4455665859   56 wai                                                                                                                          

SQL> select account_id, customer_id, average(balance) as avg
  2  from customers
  3  group by account_id,customer_id
  4  having avg(balance) >1;
having avg(balance) >1
           *
ERROR at line 4:
ORA-00904: "BALANCE": invalid identifier 


SQL> ed
Wrote file afiedt.buf

  1  select customer_id, average(balance) as avg
  2  from customers
  3  group by customer_id
  4* having avg(balance) >1
SQL> /
having avg(balance) >1
           *
ERROR at line 4:
ORA-00904: "BALANCE": invalid identifier 


SQL> ed
Wrote file afiedt.buf

  1  select customer_id, average(balance) as avg
  2  from accounts
  3  group by customer_id
  4* having count(*) >1
SQL> /
select customer_id, average(balance) as avg
                    *
ERROR at line 1:
ORA-00904: "AVERAGE": invalid identifier 


SQL> ed
Wrote file afiedt.buf

  1  select customer_id, avg(balance) as avg
  2  from accounts
  3  group by customer_id
  4* having count(*) >1
SQL> /

no rows selected

SQL> select account_id, balance
  2  from accounts
  3  where balance >(select avg(balance) from accounts);

ACCOUNT_ID    BALANCE                                                                                                                                                                                   
---------- ----------                                                                                                                                                                                   
         4       3000                                                                                                                                                                                   
         5       5000                                                                                                                                                                                   

SQL> select account_id,
  2  count(
  3  *) as total_withdrwals
  4  from transactions
  5  where transaction_type = 'withdrawal'
  6  group by account_id ;

no rows selected

SQL> select * from aacounts;
select * from aacounts
              *
ERROR at line 1:
ORA-00942: table or view does not exist 


SQL> select * from accounts;

ACCOUNT_ID CUSTOMER_ID ACCOUNT_TYPE            BALANCE                                                                                                                                                  
---------- ----------- -------------------- ----------                                                                                                                                                  
         1           1 saving                     1500                                                                                                                                                  
         2           2 saving                     2000                                                                                                                                                  
         3           3 saving                     2500                                                                                                                                                  
         4           4 current                    3000                                                                                                                                                  
         5           5 current                    5000                                                                                                                                                  

SQL> select account_id, count(*) as total_withdrawals
  2  from transactions;
select account_id, count(*) as total_withdrawals
       *
ERROR at line 1:
ORA-00937: not a single-group group function 


SQL> select * from transactions;

TRANSACTION_ID ACCOUNT_ID TDATE         AMOUNT TRANSACTION_TYPE                                                                                                                                         
-------------- ---------- --------- ---------- --------------------                                                                                                                                     
             1          1 01-JAN-21        500 deposit                                                                                                                                                  
             2          2 01-JAN-22       1000 deposit                                                                                                                                                  
             3          3 01-JAN-23       1500 deposit                                                                                                                                                  
             4          4 01-JAN-24       2000 deposit                                                                                                                                                  
             5          5 01-JAN-25        200 deposit                                                                                                                                                  

SQL> select account_id, count(*) as total_withdrawals
  2  from transactions
  3  where transaction_type = 'deposit'
  4  group by account_id;

ACCOUNT_ID TOTAL_WITHDRAWALS                                                                                                                                                                            
---------- -----------------                                                                                                                                                                            
         1                 1                                                                                                                                                                            
         2                 1                                                                                                                                                                            
         4                 1                                                                                                                                                                            
         5                 1                                                                                                                                                                            
         3                 1                                                                                                                                                                            

SQL> select account_id, sum(account) as transaction_amount
  2  from transactions
  3  group by account_id
  4  having sum(amount) >1000;
select account_id, sum(account) as transaction_amount
                       *
ERROR at line 1:
ORA-00904: "ACCOUNT": invalid identifier 


SQL> ed
Wrote file afiedt.buf

  1  select account_id, sum(amount) as transaction_amount
  2  from transactions
  3  group by account_id
  4* having sum(amount) >1000
SQL> /

ACCOUNT_ID TRANSACTION_AMOUNT                                                                                                                                                                           
---------- ------------------                                                                                                                                                                           
         4               2000                                                                                                                                                                           
         3               1500                                                                                                                                                                           

SQL> select customer_id, max(balance) as max_balance
  2  from accounts
  3  group by customer_id;

CUSTOMER_ID MAX_BALANCE                                                                                                                                                                                 
----------- -----------                                                                                                                                                                                 
          1        1500                                                                                                                                                                                 
          2        2000                                                                                                                                                                                 
          4        3000                                                                                                                                                                                 
          5        5000                                                                                                                                                                                 
          3        2500                                                                                                                                                                                 

SQL> ed
Wrote file afiedt.buf

  1  select customer_id, max(balance) as max_balance
  2  from accounts
  3  group by customer_id
  4  having account (account_id
  5* ) >1
SQL> /
having account (account_id
       *
ERROR at line 4:
ORA-00904: "ACCOUNT": invalid identifier 


SQL> ed
Wrote file afiedt.buf

  1  select customer_id, max(balance) as max_balance
  2  from accounts
  3  group by customer_id
  4* having count (account_id) >1
SQL> /

no rows selected

SQL> 0.0.
SP2-0042: unknown command "0.0." - rest of line ignored.
SQL> select account_id, count(*) as number_of_accounts
  2  from accounts
  3  where balance< 1000
  4  group by account_id;

no rows selected

SQL> select customer_id, count(*) as transaction_count
  2  from transactions
  3  group by customer_id
  4  having count(*) >5;
group by customer_id
         *
ERROR at line 3:
ORA-00904: "CUSTOMER_ID": invalid identifier 


SQL> select transaction_type, sum(amount) as total_amount, avg(amount) as average_amount
  2  from transaction
  3  where transaction_type IN('deposit','withdrawal')
  4  group by transaction_type;
from transaction
     *
ERROR at line 2:
ORA-00942: table or view does not exist 


SQL> ed
Wrote file afiedt.buf

  1  select transaction_type, sum(amount) as total_amount, avg(amount) as average_amount
  2  from transactions
  3  where transaction_type IN('deposit','withdrawal')
  4* group by transaction_type
SQL> /

TRANSACTION_TYPE     TOTAL_AMOUNT AVERAGE_AMOUNT                                                                                                                                                        
-------------------- ------------ --------------                                                                                                                                                        
deposit                      5200           1040                                                                                                                                                        

SQL> select tdate,count(*) as total_transactions
  2  from transactions
  3  group by tdate
  4  having count(*) >5;

no rows selected

SQL> select customer_id, sum(amount) as total_deposits
  2  from transactions
  3  where transaction_type = 'deposit'
  4  group by customer_id
  5  having sum(amount) >2500;
group by customer_id
         *
ERROR at line 4:
ORA-00904: "CUSTOMER_ID": invalid identifier 


SQL> 
SQL> SELECT customer_id, SUM(amount) AS total_deposits
  2  FROM transactions
  3  WHERE transaction_type = 'deposit'
  4  GROUP BY customer_id
  5  HAVING SUM(amount) > 2500;
GROUP BY customer_id
         *
ERROR at line 4:
ORA-00904: "CUSTOMER_ID": invalid identifier 


SQL> SELECT a.customer_id, SUM(t.amount) AS total_deposits
  2  FROM transactions t
  3  JOIN accounts a ON t.account_id = a.account_id
  4  WHERE t.transaction_type = 'deposit'
  5  GROUP BY a.customer_id
  6  HAVING SUM(t.amount) > 2500;

no rows selected

SQL> spool off;
