SQL> select * from transactions where amount >1000;

TRANSACTION_ID ACCOUNT_ID TDATE         AMOUNT TRANSACTION_TYPE                 
-------------- ---------- --------- ---------- --------------------             
             3          3 01-JAN-23       1500 deposit                          
             4          4 01-JAN-24       2000 deposit                          

SQL> select *
  2  from transactions
  3  order by tdate descl
  4  /
order by tdate descl
               *
ERROR at line 3:
ORA-00933: SQL command not properly ended 


SQL> ed
Wrote file afiedt.buf

  1  select *
  2  from transactions
  3* order by tdate desc
SQL> /

TRANSACTION_ID ACCOUNT_ID TDATE         AMOUNT TRANSACTION_TYPE                 
-------------- ---------- --------- ---------- --------------------             
             5          5 01-JAN-25        200 deposit                          
             4          4 01-JAN-24       2000 deposit                          
             3          3 01-JAN-23       1500 deposit                          
             2          2 01-JAN-22       1000 deposit                          
             1          1 01-JAN-21        500 deposit                          

SQL> select * from transactions
  2  where transaction_type = 'Deposit'
  3  order by amount desc;

no rows selected

SQL> select * from transactions
  2  
SQL> select * from
  2  (select * from tansactions order by tdate desc)
  3  where rownum<=5;
(select * from tansactions order by tdate desc)
               *
ERROR at line 2:
ORA-00942: table or view does not exist 


SQL> ed
Wrote file afiedt.buf

  1  select * from
  2  (select * from tansactions order by tdate desc)
  3* where rownum<= 4
SQL> /
(select * from tansactions order by tdate desc)
               *
ERROR at line 2:
ORA-00942: table or view does not exist 


SQL> ed
Wrote file afiedt.buf

  1  select * from
  2  (select * from transactions order by tdate desc)
  3* where rownum<= 4
SQL> /

TRANSACTION_ID ACCOUNT_ID TDATE         AMOUNT TRANSACTION_TYPE                 
-------------- ---------- --------- ---------- --------------------             
             5          5 01-JAN-25        200 deposit                          
             4          4 01-JAN-24       2000 deposit                          
             3          3 01-JAN-23       1500 deposit                          
             2          2 01-JAN-22       1000 deposit                          

SQL> select *
  2  from transactions
  3  order by transaction_type asc,amount desc;

TRANSACTION_ID ACCOUNT_ID TDATE         AMOUNT TRANSACTION_TYPE                 
-------------- ---------- --------- ---------- --------------------             
             4          4 01-JAN-24       2000 deposit                          
             3          3 01-JAN-23       1500 deposit                          
             2          2 01-JAN-22       1000 deposit                          
             1          1 01-JAN-21        500 deposit                          
             5          5 01-JAN-25        200 deposit                          

SQL> select * from transactions
  2  order by transaction_id asc;

TRANSACTION_ID ACCOUNT_ID TDATE         AMOUNT TRANSACTION_TYPE                 
-------------- ---------- --------- ---------- --------------------             
             1          1 01-JAN-21        500 deposit                          
             2          2 01-JAN-22       1000 deposit                          
             3          3 01-JAN-23       1500 deposit                          
             4          4 01-JAN-24       2000 deposit                          
             5          5 01-JAN-25        200 deposit                          

SQL> select * from transactions
  2  where amount >1000
  3  And (transaction_type = 'withdraeal' or transaction_type = 'deposit');

TRANSACTION_ID ACCOUNT_ID TDATE         AMOUNT TRANSACTION_TYPE                 
-------------- ---------- --------- ---------- --------------------             
             3          3 01-JAN-23       1500 deposit                          
             4          4 01-JAN-24       2000 deposit                          

SQL> select * from transactions
  2  where tdate between to_date('2023-01-01','yyyy-mm-dd')
  3  and to_date('2023-06-30','yyyy-mm-dd');

TRANSACTION_ID ACCOUNT_ID TDATE         AMOUNT TRANSACTION_TYPE                 
-------------- ---------- --------- ---------- --------------------             
             3          3 01-JAN-23       1500 deposit                          

SQL> select * from transactions
  2  where tdate between '2023-01-01' and '2023-06-30';
where tdate between '2023-01-01' and '2023-06-30'
                    *
ERROR at line 2:
ORA-01861: literal does not match format string 


SQL> select * from transactions
  2  where transaction_type = 'deposit' and 'withdrawals';
where transaction_type = 'deposit' and 'withdrawals'
                                                   *
ERROR at line 2:
ORA-00920: invalid relational operator 


SQL> ed
Wrote file afiedt.buf

  1  select * from transactions
  2* where transaction_type IN ('deposit' and 'withdrawals')
SQL> /
where transaction_type IN ('deposit' and 'withdrawals')
                                     *
ERROR at line 2:
ORA-00907: missing right parenthesis 


SQL> ed
Wrote file afiedt.buf

  1  select * from transactions
  2* where transaction_type IN ('deposit','withdrawals')
SQL> /

TRANSACTION_ID ACCOUNT_ID TDATE         AMOUNT TRANSACTION_TYPE                 
-------------- ---------- --------- ---------- --------------------             
             1          1 01-JAN-21        500 deposit                          
             2          2 01-JAN-22       1000 deposit                          
             3          3 01-JAN-23       1500 deposit                          
             4          4 01-JAN-24       2000 deposit                          
             5          5 01-JAN-25        200 deposit                          

SQL> select * from customers;

CUSTOMER_ID                                                                     
-----------                                                                     
NAME                                                                            
--------------------------------------------------------------------------------
EMAIL                                                                           
--------------------------------------------------------------------------------
PHONE                                                                           
---------------                                                                 
ADDRESS                                                                         
--------------------------------------------------------------------------------
  ISACTIVE                                                                      
----------                                                                      
          1                                                                     

CUSTOMER_ID                                                                     
-----------                                                                     
NAME                                                                            
--------------------------------------------------------------------------------
EMAIL                                                                           
--------------------------------------------------------------------------------
PHONE                                                                           
---------------                                                                 
ADDRESS                                                                         
--------------------------------------------------------------------------------
  ISACTIVE                                                                      
----------                                                                      
Atharv yadav                                                                    

CUSTOMER_ID                                                                     
-----------                                                                     
NAME                                                                            
--------------------------------------------------------------------------------
EMAIL                                                                           
--------------------------------------------------------------------------------
PHONE                                                                           
---------------                                                                 
ADDRESS                                                                         
--------------------------------------------------------------------------------
  ISACTIVE                                                                      
----------                                                                      
av12@gmail,com                                                                  

CUSTOMER_ID                                                                     
-----------                                                                     
NAME                                                                            
--------------------------------------------------------------------------------
EMAIL                                                                           
--------------------------------------------------------------------------------
PHONE                                                                           
---------------                                                                 
ADDRESS                                                                         
--------------------------------------------------------------------------------
  ISACTIVE                                                                      
----------                                                                      
7894561230                                                                      

CUSTOMER_ID                                                                     
-----------                                                                     
NAME                                                                            
--------------------------------------------------------------------------------
EMAIL                                                                           
--------------------------------------------------------------------------------
PHONE                                                                           
---------------                                                                 
ADDRESS                                                                         
--------------------------------------------------------------------------------
  ISACTIVE                                                                      
----------                                                                      
123 satara                                                                      

CUSTOMER_ID                                                                     
-----------                                                                     
NAME                                                                            
--------------------------------------------------------------------------------
EMAIL                                                                           
--------------------------------------------------------------------------------
PHONE                                                                           
---------------                                                                 
ADDRESS                                                                         
--------------------------------------------------------------------------------
  ISACTIVE                                                                      
----------                                                                      
                                                                                

CUSTOMER_ID                                                                     
-----------                                                                     
NAME                                                                            
--------------------------------------------------------------------------------
EMAIL                                                                           
--------------------------------------------------------------------------------
PHONE                                                                           
---------------                                                                 
ADDRESS                                                                         
--------------------------------------------------------------------------------
  ISACTIVE                                                                      
----------                                                                      
                                                                                

CUSTOMER_ID                                                                     
-----------                                                                     
NAME                                                                            
--------------------------------------------------------------------------------
EMAIL                                                                           
--------------------------------------------------------------------------------
PHONE                                                                           
---------------                                                                 
ADDRESS                                                                         
--------------------------------------------------------------------------------
  ISACTIVE                                                                      
----------                                                                      
          2                                                                     

CUSTOMER_ID                                                                     
-----------                                                                     
NAME                                                                            
--------------------------------------------------------------------------------
EMAIL                                                                           
--------------------------------------------------------------------------------
PHONE                                                                           
---------------                                                                 
ADDRESS                                                                         
--------------------------------------------------------------------------------
  ISACTIVE                                                                      
----------                                                                      
satish ghuge                                                                    

CUSTOMER_ID                                                                     
-----------                                                                     
NAME                                                                            
--------------------------------------------------------------------------------
EMAIL                                                                           
--------------------------------------------------------------------------------
PHONE                                                                           
---------------                                                                 
ADDRESS                                                                         
--------------------------------------------------------------------------------
  ISACTIVE                                                                      
----------                                                                      
sg@gmail,com                                                                    

CUSTOMER_ID                                                                     
-----------                                                                     
NAME                                                                            
--------------------------------------------------------------------------------
EMAIL                                                                           
--------------------------------------------------------------------------------
PHONE                                                                           
---------------                                                                 
ADDRESS                                                                         
--------------------------------------------------------------------------------
  ISACTIVE                                                                      
----------                                                                      
7894561230                                                                      

CUSTOMER_ID                                                                     
-----------                                                                     
NAME                                                                            
--------------------------------------------------------------------------------
EMAIL                                                                           
--------------------------------------------------------------------------------
PHONE                                                                           
---------------                                                                 
ADDRESS                                                                         
--------------------------------------------------------------------------------
  ISACTIVE                                                                      
----------                                                                      
12 sambhajinagar                                                                

CUSTOMER_ID                                                                     
-----------                                                                     
NAME                                                                            
--------------------------------------------------------------------------------
EMAIL                                                                           
--------------------------------------------------------------------------------
PHONE                                                                           
---------------                                                                 
ADDRESS                                                                         
--------------------------------------------------------------------------------
  ISACTIVE                                                                      
----------                                                                      
                                                                                

CUSTOMER_ID                                                                     
-----------                                                                     
NAME                                                                            
--------------------------------------------------------------------------------
EMAIL                                                                           
--------------------------------------------------------------------------------
PHONE                                                                           
---------------                                                                 
ADDRESS                                                                         
--------------------------------------------------------------------------------
  ISACTIVE                                                                      
----------                                                                      
                                                                                

CUSTOMER_ID                                                                     
-----------                                                                     
NAME                                                                            
--------------------------------------------------------------------------------
EMAIL                                                                           
--------------------------------------------------------------------------------
PHONE                                                                           
---------------                                                                 
ADDRESS                                                                         
--------------------------------------------------------------------------------
  ISACTIVE                                                                      
----------                                                                      
          3                                                                     

CUSTOMER_ID                                                                     
-----------                                                                     
NAME                                                                            
--------------------------------------------------------------------------------
EMAIL                                                                           
--------------------------------------------------------------------------------
PHONE                                                                           
---------------                                                                 
ADDRESS                                                                         
--------------------------------------------------------------------------------
  ISACTIVE                                                                      
----------                                                                      
ajay kedia                                                                      

CUSTOMER_ID                                                                     
-----------                                                                     
NAME                                                                            
--------------------------------------------------------------------------------
EMAIL                                                                           
--------------------------------------------------------------------------------
PHONE                                                                           
---------------                                                                 
ADDRESS                                                                         
--------------------------------------------------------------------------------
  ISACTIVE                                                                      
----------                                                                      
ak@gmail,com                                                                    

CUSTOMER_ID                                                                     
-----------                                                                     
NAME                                                                            
--------------------------------------------------------------------------------
EMAIL                                                                           
--------------------------------------------------------------------------------
PHONE                                                                           
---------------                                                                 
ADDRESS                                                                         
--------------------------------------------------------------------------------
  ISACTIVE                                                                      
----------                                                                      
5254789846                                                                      

CUSTOMER_ID                                                                     
-----------                                                                     
NAME                                                                            
--------------------------------------------------------------------------------
EMAIL                                                                           
--------------------------------------------------------------------------------
PHONE                                                                           
---------------                                                                 
ADDRESS                                                                         
--------------------------------------------------------------------------------
  ISACTIVE                                                                      
----------                                                                      
21 mumbai                                                                       

CUSTOMER_ID                                                                     
-----------                                                                     
NAME                                                                            
--------------------------------------------------------------------------------
EMAIL                                                                           
--------------------------------------------------------------------------------
PHONE                                                                           
---------------                                                                 
ADDRESS                                                                         
--------------------------------------------------------------------------------
  ISACTIVE                                                                      
----------                                                                      
                                                                                

CUSTOMER_ID                                                                     
-----------                                                                     
NAME                                                                            
--------------------------------------------------------------------------------
EMAIL                                                                           
--------------------------------------------------------------------------------
PHONE                                                                           
---------------                                                                 
ADDRESS                                                                         
--------------------------------------------------------------------------------
  ISACTIVE                                                                      
----------                                                                      
                                                                                

CUSTOMER_ID                                                                     
-----------                                                                     
NAME                                                                            
--------------------------------------------------------------------------------
EMAIL                                                                           
--------------------------------------------------------------------------------
PHONE                                                                           
---------------                                                                 
ADDRESS                                                                         
--------------------------------------------------------------------------------
  ISACTIVE                                                                      
----------                                                                      
          4                                                                     

CUSTOMER_ID                                                                     
-----------                                                                     
NAME                                                                            
--------------------------------------------------------------------------------
EMAIL                                                                           
--------------------------------------------------------------------------------
PHONE                                                                           
---------------                                                                 
ADDRESS                                                                         
--------------------------------------------------------------------------------
  ISACTIVE                                                                      
----------                                                                      
harshad mehta                                                                   

CUSTOMER_ID                                                                     
-----------                                                                     
NAME                                                                            
--------------------------------------------------------------------------------
EMAIL                                                                           
--------------------------------------------------------------------------------
PHONE                                                                           
---------------                                                                 
ADDRESS                                                                         
--------------------------------------------------------------------------------
  ISACTIVE                                                                      
----------                                                                      
hm@gmail,com                                                                    

CUSTOMER_ID                                                                     
-----------                                                                     
NAME                                                                            
--------------------------------------------------------------------------------
EMAIL                                                                           
--------------------------------------------------------------------------------
PHONE                                                                           
---------------                                                                 
ADDRESS                                                                         
--------------------------------------------------------------------------------
  ISACTIVE                                                                      
----------                                                                      
7584658944                                                                      

CUSTOMER_ID                                                                     
-----------                                                                     
NAME                                                                            
--------------------------------------------------------------------------------
EMAIL                                                                           
--------------------------------------------------------------------------------
PHONE                                                                           
---------------                                                                 
ADDRESS                                                                         
--------------------------------------------------------------------------------
  ISACTIVE                                                                      
----------                                                                      
23 south mumbai                                                                 

CUSTOMER_ID                                                                     
-----------                                                                     
NAME                                                                            
--------------------------------------------------------------------------------
EMAIL                                                                           
--------------------------------------------------------------------------------
PHONE                                                                           
---------------                                                                 
ADDRESS                                                                         
--------------------------------------------------------------------------------
  ISACTIVE                                                                      
----------                                                                      
                                                                                

CUSTOMER_ID                                                                     
-----------                                                                     
NAME                                                                            
--------------------------------------------------------------------------------
EMAIL                                                                           
--------------------------------------------------------------------------------
PHONE                                                                           
---------------                                                                 
ADDRESS                                                                         
--------------------------------------------------------------------------------
  ISACTIVE                                                                      
----------                                                                      
                                                                                

CUSTOMER_ID                                                                     
-----------                                                                     
NAME                                                                            
--------------------------------------------------------------------------------
EMAIL                                                                           
--------------------------------------------------------------------------------
PHONE                                                                           
---------------                                                                 
ADDRESS                                                                         
--------------------------------------------------------------------------------
  ISACTIVE                                                                      
----------                                                                      
          5                                                                     

CUSTOMER_ID                                                                     
-----------                                                                     
NAME                                                                            
--------------------------------------------------------------------------------
EMAIL                                                                           
--------------------------------------------------------------------------------
PHONE                                                                           
---------------                                                                 
ADDRESS                                                                         
--------------------------------------------------------------------------------
  ISACTIVE                                                                      
----------                                                                      
adity dude                                                                      

CUSTOMER_ID                                                                     
-----------                                                                     
NAME                                                                            
--------------------------------------------------------------------------------
EMAIL                                                                           
--------------------------------------------------------------------------------
PHONE                                                                           
---------------                                                                 
ADDRESS                                                                         
--------------------------------------------------------------------------------
  ISACTIVE                                                                      
----------                                                                      
ad@gmail,com                                                                    

CUSTOMER_ID                                                                     
-----------                                                                     
NAME                                                                            
--------------------------------------------------------------------------------
EMAIL                                                                           
--------------------------------------------------------------------------------
PHONE                                                                           
---------------                                                                 
ADDRESS                                                                         
--------------------------------------------------------------------------------
  ISACTIVE                                                                      
----------                                                                      
4455665859                                                                      

CUSTOMER_ID                                                                     
-----------                                                                     
NAME                                                                            
--------------------------------------------------------------------------------
EMAIL                                                                           
--------------------------------------------------------------------------------
PHONE                                                                           
---------------                                                                 
ADDRESS                                                                         
--------------------------------------------------------------------------------
  ISACTIVE                                                                      
----------                                                                      
56 wai                                                                          

CUSTOMER_ID                                                                     
-----------                                                                     
NAME                                                                            
--------------------------------------------------------------------------------
EMAIL                                                                           
--------------------------------------------------------------------------------
PHONE                                                                           
---------------                                                                 
ADDRESS                                                                         
--------------------------------------------------------------------------------
  ISACTIVE                                                                      
----------                                                                      
                                                                                

CUSTOMER_ID                                                                     
-----------                                                                     
NAME                                                                            
--------------------------------------------------------------------------------
EMAIL                                                                           
--------------------------------------------------------------------------------
PHONE                                                                           
---------------                                                                 
ADDRESS                                                                         
--------------------------------------------------------------------------------
  ISACTIVE                                                                      
----------                                                                      
                                                                                

SQL> set pagesize 200;
SQL> set linesize 200;
SQL> /

CUSTOMER_ID NAME                                                                                                                                                                                        
----------- ----------------------------------------------------------------------------------------------------                                                                                        
EMAIL                                                                                                PHONE                                                                                              
---------------------------------------------------------------------------------------------------- ---------------                                                                                    
ADDRESS                                                                                                                                                                                                 
--------------------------------------------------------------------------------------------------------------------------------------------------------------------------------------------------------
  ISACTIVE                                                                                                                                                                                              
----------                                                                                                                                                                                              
          1 Atharv yadav                                                                                                                                                                                
av12@gmail,com                                                                                       7894561230                                                                                         
123 satara                                                                                                                                                                                              
                                                                                                                                                                                                        
                                                                                                                                                                                                        
          2 satish ghuge                                                                                                                                                                                
sg@gmail,com                                                                                         7894561230                                                                                         
12 sambhajinagar                                                                                                                                                                                        
                                                                                                                                                                                                        
                                                                                                                                                                                                        
          3 ajay kedia                                                                                                                                                                                  
ak@gmail,com                                                                                         5254789846                                                                                         
21 mumbai                                                                                                                                                                                               
                                                                                                                                                                                                        
                                                                                                                                                                                                        
          4 harshad mehta                                                                                                                                                                               
hm@gmail,com                                                                                         7584658944                                                                                         
23 south mumbai                                                                                                                                                                                         
                                                                                                                                                                                                        
                                                                                                                                                                                                        
          5 adity dude                                                                                                                                                                                  
ad@gmail,com                                                                                         4455665859                                                                                         
56 wai                                                                                                                                                                                                  
                                                                                                                                                                                                        
                                                                                                                                                                                                        

SQL> col format a19;
SP2-0158: unknown COLUMN option "a19"
SQL> col format a19
SP2-0158: unknown COLUMN option "a19"
SQL> col name format a19
SQL> /

CUSTOMER_ID NAME                EMAIL                                                                                                PHONE                                                              
----------- ------------------- ---------------------------------------------------------------------------------------------------- ---------------                                                    
ADDRESS                                                                                                                                                                                                 
--------------------------------------------------------------------------------------------------------------------------------------------------------------------------------------------------------
  ISACTIVE                                                                                                                                                                                              
----------                                                                                                                                                                                              
          1 Atharv yadav        av12@gmail,com                                                                                       7894561230                                                         
123 satara                                                                                                                                                                                              
                                                                                                                                                                                                        
                                                                                                                                                                                                        
          2 satish ghuge        sg@gmail,com                                                                                         7894561230                                                         
12 sambhajinagar                                                                                                                                                                                        
                                                                                                                                                                                                        
                                                                                                                                                                                                        
          3 ajay kedia          ak@gmail,com                                                                                         5254789846                                                         
21 mumbai                                                                                                                                                                                               
                                                                                                                                                                                                        
                                                                                                                                                                                                        
          4 harshad mehta       hm@gmail,com                                                                                         7584658944                                                         
23 south mumbai                                                                                                                                                                                         
                                                                                                                                                                                                        
                                                                                                                                                                                                        
          5 adity dude          ad@gmail,com                                                                                         4455665859                                                         
56 wai                                                                                                                                                                                                  
                                                                                                                                                                                                        
                                                                                                                                                                                                        

SQL> select * from customers
  2  where not IN address;
where not IN address
          *
ERROR at line 2:
ORA-00936: missing expression 


SQL> select * from customers
  2  where address is null;

no rows selected

SQL> select * from customers
  2  where address null
  3  order by asc;
where address null
              *
ERROR at line 2:
ORA-00920: invalid relational operator 


SQL> select * from customers
  2  order by address asc nulls last;

CUSTOMER_ID NAME                EMAIL                                                                                                PHONE                                                              
----------- ------------------- ---------------------------------------------------------------------------------------------------- ---------------                                                    
ADDRESS                                                                                                                                                                                                 
--------------------------------------------------------------------------------------------------------------------------------------------------------------------------------------------------------
  ISACTIVE                                                                                                                                                                                              
----------                                                                                                                                                                                              
          2 satish ghuge        sg@gmail,com                                                                                         7894561230                                                         
12 sambhajinagar                                                                                                                                                                                        
                                                                                                                                                                                                        
                                                                                                                                                                                                        
          1 Atharv yadav        av12@gmail,com                                                                                       7894561230                                                         
123 satara                                                                                                                                                                                              
                                                                                                                                                                                                        
                                                                                                                                                                                                        
          3 ajay kedia          ak@gmail,com                                                                                         5254789846                                                         
21 mumbai                                                                                                                                                                                               
                                                                                                                                                                                                        
                                                                                                                                                                                                        
          4 harshad mehta       hm@gmail,com                                                                                         7584658944                                                         
23 south mumbai                                                                                                                                                                                         
                                                                                                                                                                                                        
                                                                                                                                                                                                        
          5 adity dude          ad@gmail,com                                                                                         4455665859                                                         
56 wai                                                                                                                                                                                                  
                                                                                                                                                                                                        
                                                                                                                                                                                                        

SQL> select * from customers
  2  order by address asc
  3  null first;
null first
*
ERROR at line 3:
ORA-00933: SQL command not properly ended 


SQL> select * from customers
  2  order by address asc nulls first;

CUSTOMER_ID NAME                EMAIL                                                                                                PHONE                                                              
----------- ------------------- ---------------------------------------------------------------------------------------------------- ---------------                                                    
ADDRESS                                                                                                                                                                                                 
--------------------------------------------------------------------------------------------------------------------------------------------------------------------------------------------------------
  ISACTIVE                                                                                                                                                                                              
----------                                                                                                                                                                                              
          2 satish ghuge        sg@gmail,com                                                                                         7894561230                                                         
12 sambhajinagar                                                                                                                                                                                        
                                                                                                                                                                                                        
                                                                                                                                                                                                        
          1 Atharv yadav        av12@gmail,com                                                                                       7894561230                                                         
123 satara                                                                                                                                                                                              
                                                                                                                                                                                                        
                                                                                                                                                                                                        
          3 ajay kedia          ak@gmail,com                                                                                         5254789846                                                         
21 mumbai                                                                                                                                                                                               
                                                                                                                                                                                                        
                                                                                                                                                                                                        
          4 harshad mehta       hm@gmail,com                                                                                         7584658944                                                         
23 south mumbai                                                                                                                                                                                         
                                                                                                                                                                                                        
                                                                                                                                                                                                        
          5 adity dude          ad@gmail,com                                                                                         4455665859                                                         
56 wai                                                                                                                                                                                                  
                                                                                                                                                                                                        
                                                                                                                                                                                                        

SQL> select * from customers
  2  order by (case when address is null then 1 else 0 end ), address asc;

CUSTOMER_ID NAME                EMAIL                                                                                                PHONE                                                              
----------- ------------------- ---------------------------------------------------------------------------------------------------- ---------------                                                    
ADDRESS                                                                                                                                                                                                 
--------------------------------------------------------------------------------------------------------------------------------------------------------------------------------------------------------
  ISACTIVE                                                                                                                                                                                              
----------                                                                                                                                                                                              
          2 satish ghuge        sg@gmail,com                                                                                         7894561230                                                         
12 sambhajinagar                                                                                                                                                                                        
                                                                                                                                                                                                        
                                                                                                                                                                                                        
          1 Atharv yadav        av12@gmail,com                                                                                       7894561230                                                         
123 satara                                                                                                                                                                                              
                                                                                                                                                                                                        
                                                                                                                                                                                                        
          3 ajay kedia          ak@gmail,com                                                                                         5254789846                                                         
21 mumbai                                                                                                                                                                                               
                                                                                                                                                                                                        
                                                                                                                                                                                                        
          4 harshad mehta       hm@gmail,com                                                                                         7584658944                                                         
23 south mumbai                                                                                                                                                                                         
                                                                                                                                                                                                        
                                                                                                                                                                                                        
          5 adity dude          ad@gmail,com                                                                                         4455665859                                                         
56 wai                                                                                                                                                                                                  
                                                                                                                                                                                                        
                                                                                                                                                                                                        

SQL> select * from transactions
  2  order by date desc
  3  fetch first 5 rows only;
order by date desc
         *
ERROR at line 2:
ORA-00936: missing expression 


SQL> select *
  2  from transactions
  3  order by tdate desc
  4  fetch first 2 rows only;
fetch first 2 rows only
*
ERROR at line 4:
ORA-00933: SQL command not properly ended 


SQL> SELECT *
  2  FROM transactions
  3  ORDER BY tdate DESC
  4  FETCH FIRST 2 ROWS ONLY;
FETCH FIRST 2 ROWS ONLY
*
ERROR at line 4:
ORA-00933: SQL command not properly ended 


SQL> SELECT *
  2  FROM (
  3    SELECT *
  4    FROM transactions
  5    ORDER BY tdate DESC
  6  )
  7  WHERE ROWNUM <= 2;

TRANSACTION_ID ACCOUNT_ID TDATE         AMOUNT TRANSACTION_TYPE                                                                                                                                         
-------------- ---------- --------- ---------- --------------------                                                                                                                                     
             5          5 01-JAN-25        200 deposit                                                                                                                                                  
             4          4 01-JAN-24       2000 deposit                                                                                                                                                  

SQL> SELECT * FROM v$version;

BANNER                                                                                                                                                                                                  
--------------------------------------------------------------------------------                                                                                                                        
Oracle Database 11g Express Edition Release 11.2.0.2.0 - 64bit Production                                                                                                                               
PL/SQL Release 11.2.0.2.0 - Production                                                                                                                                                                  
CORE	11.2.0.2.0	Production                                                                                                                                                                              
TNS for 64-bit Windows: Version 11.2.0.2.0 - Production                                                                                                                                                 
NLSRTL Version 11.2.0.2.0 - Production                                                                                                                                                                  

SQL> select *
  2  from transactions
  3  wher
  4  
SQL> select * from transactions
  2  order by tdate desc
  3  where rownum <=2;
where rownum <=2
*
ERROR at line 3:
ORA-00933: SQL command not properly ended 


SQL> select * from customers
  2  where name like 'j%';

no rows selected

SQL> ed
Wrote file afiedt.buf

  1  select * from customers
  2* where name like 'a%'
SQL> /

CUSTOMER_ID NAME                EMAIL                                                                                                PHONE                                                              
----------- ------------------- ---------------------------------------------------------------------------------------------------- ---------------                                                    
ADDRESS                                                                                                                                                                                                 
--------------------------------------------------------------------------------------------------------------------------------------------------------------------------------------------------------
  ISACTIVE                                                                                                                                                                                              
----------                                                                                                                                                                                              
          3 ajay kedia          ak@gmail,com                                                                                         5254789846                                                         
21 mumbai                                                                                                                                                                                               
                                                                                                                                                                                                        
                                                                                                                                                                                                        
          5 adity dude          ad@gmail,com                                                                                         4455665859                                                         
56 wai                                                                                                                                                                                                  
                                                                                                                                                                                                        
                                                                                                                                                                                                        

SQL> select * from customers
  2  where name like 'j%';

no rows selected

SQL> select * from customers
  2  where lower(a) like 'a%';
where lower(a) like 'a%'
            *
ERROR at line 2:
ORA-00904: "A": invalid identifier 


SQL> select * from customers
  2  where lower(name like 'j%';
where lower(name like 'j%'
                 *
ERROR at line 2:
ORA-00907: missing right parenthesis 


SQL> ed
Wrote file afiedt.buf

  1  select * from customers
  2* where lower(name) like 'a%'
SQL> /

CUSTOMER_ID NAME                EMAIL                                                                                                PHONE                                                              
----------- ------------------- ---------------------------------------------------------------------------------------------------- ---------------                                                    
ADDRESS                                                                                                                                                                                                 
--------------------------------------------------------------------------------------------------------------------------------------------------------------------------------------------------------
  ISACTIVE                                                                                                                                                                                              
----------                                                                                                                                                                                              
          1 Atharv yadav        av12@gmail,com                                                                                       7894561230                                                         
123 satara                                                                                                                                                                                              
                                                                                                                                                                                                        
                                                                                                                                                                                                        
          3 ajay kedia          ak@gmail,com                                                                                         5254789846                                                         
21 mumbai                                                                                                                                                                                               
                                                                                                                                                                                                        
                                                                                                                                                                                                        
          5 adity dude          ad@gmail,com                                                                                         4455665859                                                         
56 wai                                                                                                                                                                                                  
                                                                                                                                                                                                        
                                                                                                                                                                                                        

SQL> select * from customers
  2  where name not like '%ajay';

CUSTOMER_ID NAME                EMAIL                                                                                                PHONE                                                              
----------- ------------------- ---------------------------------------------------------------------------------------------------- ---------------                                                    
ADDRESS                                                                                                                                                                                                 
--------------------------------------------------------------------------------------------------------------------------------------------------------------------------------------------------------
  ISACTIVE                                                                                                                                                                                              
----------                                                                                                                                                                                              
          1 Atharv yadav        av12@gmail,com                                                                                       7894561230                                                         
123 satara                                                                                                                                                                                              
                                                                                                                                                                                                        
                                                                                                                                                                                                        
          2 satish ghuge        sg@gmail,com                                                                                         7894561230                                                         
12 sambhajinagar                                                                                                                                                                                        
                                                                                                                                                                                                        
                                                                                                                                                                                                        
          3 ajay kedia          ak@gmail,com                                                                                         5254789846                                                         
21 mumbai                                                                                                                                                                                               
                                                                                                                                                                                                        
                                                                                                                                                                                                        
          4 harshad mehta       hm@gmail,com                                                                                         7584658944                                                         
23 south mumbai                                                                                                                                                                                         
                                                                                                                                                                                                        
                                                                                                                                                                                                        
          5 adity dude          ad@gmail,com                                                                                         4455665859                                                         
56 wai                                                                                                                                                                                                  
                                                                                                                                                                                                        
                                                                                                                                                                                                        

SQL> ed
Wrote file afiedt.buf

  1  select * from customers
  2* where name not like 'ajay%'
SQL> /

CUSTOMER_ID NAME                EMAIL                                                                                                PHONE                                                              
----------- ------------------- ---------------------------------------------------------------------------------------------------- ---------------                                                    
ADDRESS                                                                                                                                                                                                 
--------------------------------------------------------------------------------------------------------------------------------------------------------------------------------------------------------
  ISACTIVE                                                                                                                                                                                              
----------                                                                                                                                                                                              
          1 Atharv yadav        av12@gmail,com                                                                                       7894561230                                                         
123 satara                                                                                                                                                                                              
                                                                                                                                                                                                        
                                                                                                                                                                                                        
          2 satish ghuge        sg@gmail,com                                                                                         7894561230                                                         
12 sambhajinagar                                                                                                                                                                                        
                                                                                                                                                                                                        
                                                                                                                                                                                                        
          4 harshad mehta       hm@gmail,com                                                                                         7584658944                                                         
23 south mumbai                                                                                                                                                                                         
                                                                                                                                                                                                        
                                                                                                                                                                                                        
          5 adity dude          ad@gmail,com                                                                                         4455665859                                                         
56 wai                                                                                                                                                                                                  
                                                                                                                                                                                                        
                                                                                                                                                                                                        

SQL> select * from customers
  2  where
  3  
SQL> select * form transactions
  2  where ( transaction_type = 'deposit' and amount >10000)
  3  or (trnasaction_type = 'withdrawal' and amount >500);
select * form transactions
         *
ERROR at line 1:
ORA-00923: FROM keyword not found where expected 


SQL> ed
Wrote file afiedt.buf

  1  select * from transactions
  2  where ( transaction_type = 'deposit' and amount >10000)
  3* or (trnasaction_type = 'withdrawal' and amount >500)
SQL> /
or (trnasaction_type = 'withdrawal' and amount >500)
    *
ERROR at line 3:
ORA-00904: "TRNASACTION_TYPE": invalid identifier 


SQL> SELECT *
  2  FROM Transactions
  3  WHERE (TransactionType = 'Deposit' AND Amount > 1000)
  4  OR (TransactionType = 'Withdrawal' AND Amount > 500);
OR (TransactionType = 'Withdrawal' AND Amount > 500)
    *
ERROR at line 4:
ORA-00904: "TRANSACTIONTYPE": invalid identifier 


SQL> 
SQL> SELECT *
  2  FROM Transactions
  3  WHERE
  4    (TransactionType = 'Deposit' AND Amount > 1000)
  5    OR
  6    (TransactionType = 'Withdrawal' AND Amount > 500);
  (TransactionType = 'Withdrawal' AND Amount > 500)
   *
ERROR at line 6:
ORA-00904: "TRANSACTIONTYPE": invalid identifier 


SQL> ed
Wrote file afiedt.buf

  1  SELECT *
  2  FROM Transactions
  3  WHERE
  4    (Transaction_Type = 'Deposit' AND Amount > 1000)
  5    OR
  6*   (Transaction_Type = 'Withdrawal' AND Amount > 500)
SQL> /

no rows selected

SQL> select * from transactions;

TRANSACTION_ID ACCOUNT_ID TDATE         AMOUNT TRANSACTION_TYPE                                                                                                                                         
-------------- ---------- --------- ---------- --------------------                                                                                                                                     
             1          1 01-JAN-21        500 deposit                                                                                                                                                  
             2          2 01-JAN-22       1000 deposit                                                                                                                                                  
             3          3 01-JAN-23       1500 deposit                                                                                                                                                  
             4          4 01-JAN-24       2000 deposit                                                                                                                                                  
             5          5 01-JAN-25        200 deposit                                                                                                                                                  

SQL> UPDATE Transactions
  2  SET Transaction_Type = 'withdrawal'
  3  WHERE Transaction_Type = 'deposit'
  4  AND ROWNUM <= 2;

2 rows updated.

SQL> select * from transactions;

TRANSACTION_ID ACCOUNT_ID TDATE         AMOUNT TRANSACTION_TYPE                                                                                                                                         
-------------- ---------- --------- ---------- --------------------                                                                                                                                     
             1          1 01-JAN-21        500 withdrawal                                                                                                                                               
             2          2 01-JAN-22       1000 withdrawal                                                                                                                                               
             3          3 01-JAN-23       1500 deposit                                                                                                                                                  
             4          4 01-JAN-24       2000 deposit                                                                                                                                                  
             5          5 01-JAN-25        200 deposit                                                                                                                                                  

SQL> SELECT *
  2  FROM Transactions
  3  WHERE
  4    (TransactionType = 'Deposit' AND Amount > 1000)
  5    OR
  6    (TransactionType = 'Withdrawal' AND Amount > 500);
  (TransactionType = 'Withdrawal' AND Amount > 500)
   *
ERROR at line 6:
ORA-00904: "TRANSACTIONTYPE": invalid identifier 


SQL> ed
Wrote file afiedt.buf

  1  SELECT *
  2  FROM Transactions
  3  WHERE
  4    (Transaction_Type = 'Deposit' AND Amount > 1000)
  5    OR
  6*   (Transaction_Type = 'Withdrawal' AND Amount > 500)
SQL> /

no rows selected

SQL> select * from transactions
  2  where transaction_type not in ('deposit','withdrawal');

no rows selected

SQL> select * ,amount * 1.05 ajusted amount
  2  from transactions
  3  order by adjsuted  amounr desc;
select * ,amount * 1.05 ajusted amount
         *
ERROR at line 1:
ORA-00923: FROM keyword not found where expected 


SQL> ed
Wrote file afiedt.buf

  1  select * ,amount * 1.05 ajusted_amount
  2  from transactions_id
  3* order by adjsuted  amount desc
SQL> /
select * ,amount * 1.05 ajusted_amount
         *
ERROR at line 1:
ORA-00923: FROM keyword not found where expected 


SQL> SELECT *, Amount * 1.05 AS AdjustedAmount
  2  FROM Transactions
  3  ORDER BY Amount * 1.05 DESC;
SELECT *, Amount * 1.05 AS AdjustedAmount
        *
ERROR at line 1:
ORA-00923: FROM keyword not found where expected 


SQL> select * from customers
  2  where name like '%a%';

CUSTOMER_ID NAME                EMAIL                                                                                                PHONE                                                              
----------- ------------------- ---------------------------------------------------------------------------------------------------- ---------------                                                    
ADDRESS                                                                                                                                                                                                 
--------------------------------------------------------------------------------------------------------------------------------------------------------------------------------------------------------
  ISACTIVE                                                                                                                                                                                              
----------                                                                                                                                                                                              
          1 Atharv yadav        av12@gmail,com                                                                                       7894561230                                                         
123 satara                                                                                                                                                                                              
                                                                                                                                                                                                        
                                                                                                                                                                                                        
          2 satish ghuge        sg@gmail,com                                                                                         7894561230                                                         
12 sambhajinagar                                                                                                                                                                                        
                                                                                                                                                                                                        
                                                                                                                                                                                                        
          3 ajay kedia          ak@gmail,com                                                                                         5254789846                                                         
21 mumbai                                                                                                                                                                                               
                                                                                                                                                                                                        
                                                                                                                                                                                                        
          4 harshad mehta       hm@gmail,com                                                                                         7584658944                                                         
23 south mumbai                                                                                                                                                                                         
                                                                                                                                                                                                        
                                                                                                                                                                                                        
          5 adity dude          ad@gmail,com                                                                                         4455665859                                                         
56 wai                                                                                                                                                                                                  
                                                                                                                                                                                                        
                                                                                                                                                                                                        

SQL> select * from transactions
  2  where
  3  
SQL> select transaction_type,
  2  count(*) as total_trnasactions
  3  from transactions
  4  group by transaction_type
  5  order by count(*) desc;

TRANSACTION_TYPE     TOTAL_TRNASACTIONS                                                                                                                                                                 
-------------------- ------------------                                                                                                                                                                 
deposit                               3                                                                                                                                                                 
withdrawal                            2                                                                                                                                                                 

SQL> select * from customers
  2  where name notlike '%e%';
where name notlike '%e%'
           *
ERROR at line 2:
ORA-00920: invalid relational operator 


SQL> ed
Wrote file afiedt.buf

  1  select * from customers
  2* where name not like '%e%'
SQL> /

CUSTOMER_ID NAME                EMAIL                                                                                                PHONE                                                              
----------- ------------------- ---------------------------------------------------------------------------------------------------- ---------------                                                    
ADDRESS                                                                                                                                                                                                 
--------------------------------------------------------------------------------------------------------------------------------------------------------------------------------------------------------
  ISACTIVE                                                                                                                                                                                              
----------                                                                                                                                                                                              
          1 Atharv yadav        av12@gmail,com                                                                                       7894561230                                                         
123 satara                                                                                                                                                                                              
                                                                                                                                                                                                        
                                                                                                                                                                                                        

SQL> select * from customers
  2  /

CUSTOMER_ID NAME                EMAIL                                                                                                PHONE                                                              
----------- ------------------- ---------------------------------------------------------------------------------------------------- ---------------                                                    
ADDRESS                                                                                                                                                                                                 
--------------------------------------------------------------------------------------------------------------------------------------------------------------------------------------------------------
  ISACTIVE                                                                                                                                                                                              
----------                                                                                                                                                                                              
          1 Atharv yadav        av12@gmail,com                                                                                       7894561230                                                         
123 satara                                                                                                                                                                                              
                                                                                                                                                                                                        
                                                                                                                                                                                                        
          2 satish ghuge        sg@gmail,com                                                                                         7894561230                                                         
12 sambhajinagar                                                                                                                                                                                        
                                                                                                                                                                                                        
                                                                                                                                                                                                        
          3 ajay kedia          ak@gmail,com                                                                                         5254789846                                                         
21 mumbai                                                                                                                                                                                               
                                                                                                                                                                                                        
                                                                                                                                                                                                        
          4 harshad mehta       hm@gmail,com                                                                                         7584658944                                                         
23 south mumbai                                                                                                                                                                                         
                                                                                                                                                                                                        
                                                                                                                                                                                                        
          5 adity dude          ad@gmail,com                                                                                         4455665859                                                         
56 wai                                                                                                                                                                                                  
                                                                                                                                                                                                        
                                                                                                                                                                                                        

SQL> select * from customers
  2  where balance > 500
  3  order by balance desc;
order by balance desc
         *
ERROR at line 3:
ORA-00904: "BALANCE": invalid identifier 


SQL> select * from accounts;

ACCOUNT_ID CUSTOMER_ID ACCOUNT_TYPE            BALANCE                                                                                                                                                  
---------- ----------- -------------------- ----------                                                                                                                                                  
         1           1 saving                     1500                                                                                                                                                  
         2           2 saving                     2000                                                                                                                                                  
         3           3 saving                     2500                                                                                                                                                  
         4           4 current                    3000                                                                                                                                                  
         5           5 current                    5000                                                                                                                                                  

SQL> select * from accounts
  2  where balance >=500
  3  order by balance desc;

ACCOUNT_ID CUSTOMER_ID ACCOUNT_TYPE            BALANCE                                                                                                                                                  
---------- ----------- -------------------- ----------                                                                                                                                                  
         5           5 current                    5000                                                                                                                                                  
         4           4 current                    3000                                                                                                                                                  
         3           3 saving                     2500                                                                                                                                                  
         2           2 saving                     2000                                                                                                                                                  
         1           1 saving                     1500                                                                                                                                                  

SQL> select *from customers
  2  
SQL> select * from customers
  2  /

CUSTOMER_ID NAME                EMAIL                                                                                                PHONE                                                              
----------- ------------------- ---------------------------------------------------------------------------------------------------- ---------------                                                    
ADDRESS                                                                                                                                                                                                 
--------------------------------------------------------------------------------------------------------------------------------------------------------------------------------------------------------
  ISACTIVE                                                                                                                                                                                              
----------                                                                                                                                                                                              
          1 Atharv yadav        av12@gmail,com                                                                                       7894561230                                                         
123 satara                                                                                                                                                                                              
                                                                                                                                                                                                        
                                                                                                                                                                                                        
          2 satish ghuge        sg@gmail,com                                                                                         7894561230                                                         
12 sambhajinagar                                                                                                                                                                                        
                                                                                                                                                                                                        
                                                                                                                                                                                                        
          3 ajay kedia          ak@gmail,com                                                                                         5254789846                                                         
21 mumbai                                                                                                                                                                                               
                                                                                                                                                                                                        
                                                                                                                                                                                                        
          4 harshad mehta       hm@gmail,com                                                                                         7584658944                                                         
23 south mumbai                                                                                                                                                                                         
                                                                                                                                                                                                        
                                                                                                                                                                                                        
          5 adity dude          ad@gmail,com                                                                                         4455665859                                                         
56 wai                                                                                                                                                                                                  
                                                                                                                                                                                                        
                                                                                                                                                                                                        

SQL> SELECT *
  2  FROM Customers
  3  ORDER BY AccountCreationDate
  4  FETCH FIRST 5 ROWS ONLY;
FETCH FIRST 5 ROWS ONLY
*
ERROR at line 4:
ORA-00933: SQL command not properly ended 


SQL> SELECT *
  2  FROM (
  3    SELECT *
  4    FROM Transactions
  5    ORDER BY tdate DESC
  6  )
  7  WHERE ROWNUM <= 5;

TRANSACTION_ID ACCOUNT_ID TDATE         AMOUNT TRANSACTION_TYPE                                                                                                                                         
-------------- ---------- --------- ---------- --------------------                                                                                                                                     
             5          5 01-JAN-25        200 deposit                                                                                                                                                  
             4          4 01-JAN-24       2000 deposit                                                                                                                                                  
             3          3 01-JAN-23       1500 deposit                                                                                                                                                  
             2          2 01-JAN-22       1000 withdrawal                                                                                                                                               
             1          1 01-JAN-21        500 withdrawal                                                                                                                                               

SQL> ed
Wrote file afiedt.buf

  1  SELECT *
  2  FROM (
  3    SELECT *
  4    FROM Transactions
  5    ORDER BY tdate DESC
  6  )
  7* WHERE ROWNUM <= 2
SQL> /

TRANSACTION_ID ACCOUNT_ID TDATE         AMOUNT TRANSACTION_TYPE                                                                                                                                         
-------------- ---------- --------- ---------- --------------------                                                                                                                                     
             5          5 01-JAN-25        200 deposit                                                                                                                                                  
             4          4 01-JAN-24       2000 deposit                                                                                                                                                  

SQL> select * from transactions
  2  where amount between 100 and 2500 or
  3  order by tdate;
order by tdate
*
ERROR at line 3:
ORA-00936: missing expression 


SQL> select * from transactions
  2  where amount between 100 and 2500
  3  order by tdate;

TRANSACTION_ID ACCOUNT_ID TDATE         AMOUNT TRANSACTION_TYPE                                                                                                                                         
-------------- ---------- --------- ---------- --------------------                                                                                                                                     
             1          1 01-JAN-21        500 withdrawal                                                                                                                                               
             2          2 01-JAN-22       1000 withdrawal                                                                                                                                               
             3          3 01-JAN-23       1500 deposit                                                                                                                                                  
             4          4 01-JAN-24       2000 deposit                                                                                                                                                  
             5          5 01-JAN-25        200 deposit                                                                                                                                                  

SQL> ed
Wrote file afiedt.buf

  1  select * from transactions
  2  where amount between 100 and 2000
  3* order by tdate
SQL> /

TRANSACTION_ID ACCOUNT_ID TDATE         AMOUNT TRANSACTION_TYPE                                                                                                                                         
-------------- ---------- --------- ---------- --------------------                                                                                                                                     
             1          1 01-JAN-21        500 withdrawal                                                                                                                                               
             2          2 01-JAN-22       1000 withdrawal                                                                                                                                               
             3          3 01-JAN-23       1500 deposit                                                                                                                                                  
             4          4 01-JAN-24       2000 deposit                                                                                                                                                  
             5          5 01-JAN-25        200 deposit                                                                                                                                                  

SQL> select * from customers
  2  where name like '%a%'
  3  order by name desc;

CUSTOMER_ID NAME                EMAIL                                                                                                PHONE                                                              
----------- ------------------- ---------------------------------------------------------------------------------------------------- ---------------                                                    
ADDRESS                                                                                                                                                                                                 
--------------------------------------------------------------------------------------------------------------------------------------------------------------------------------------------------------
  ISACTIVE                                                                                                                                                                                              
----------                                                                                                                                                                                              
          2 satish ghuge        sg@gmail,com                                                                                         7894561230                                                         
12 sambhajinagar                                                                                                                                                                                        
                                                                                                                                                                                                        
                                                                                                                                                                                                        
          4 harshad mehta       hm@gmail,com                                                                                         7584658944                                                         
23 south mumbai                                                                                                                                                                                         
                                                                                                                                                                                                        
                                                                                                                                                                                                        
          3 ajay kedia          ak@gmail,com                                                                                         5254789846                                                         
21 mumbai                                                                                                                                                                                               
                                                                                                                                                                                                        
                                                                                                                                                                                                        
          5 adity dude          ad@gmail,com                                                                                         4455665859                                                         
56 wai                                                                                                                                                                                                  
                                                                                                                                                                                                        
                                                                                                                                                                                                        
          1 Atharv yadav        av12@gmail,com                                                                                       7894561230                                                         
123 satara                                                                                                                                                                                              
                                                                                                                                                                                                        
                                                                                                                                                                                                        

SQL> ed
Wrote file afiedt.buf

  1  select * from customers
  2  where name like '%a%'
  3* order by name asc
SQL> /

CUSTOMER_ID NAME                EMAIL                                                                                                PHONE                                                              
----------- ------------------- ---------------------------------------------------------------------------------------------------- ---------------                                                    
ADDRESS                                                                                                                                                                                                 
--------------------------------------------------------------------------------------------------------------------------------------------------------------------------------------------------------
  ISACTIVE                                                                                                                                                                                              
----------                                                                                                                                                                                              
          1 Atharv yadav        av12@gmail,com                                                                                       7894561230                                                         
123 satara                                                                                                                                                                                              
                                                                                                                                                                                                        
                                                                                                                                                                                                        
          5 adity dude          ad@gmail,com                                                                                         4455665859                                                         
56 wai                                                                                                                                                                                                  
                                                                                                                                                                                                        
                                                                                                                                                                                                        
          3 ajay kedia          ak@gmail,com                                                                                         5254789846                                                         
21 mumbai                                                                                                                                                                                               
                                                                                                                                                                                                        
                                                                                                                                                                                                        
          4 harshad mehta       hm@gmail,com                                                                                         7584658944                                                         
23 south mumbai                                                                                                                                                                                         
                                                                                                                                                                                                        
                                                                                                                                                                                                        
          2 satish ghuge        sg@gmail,com                                                                                         7894561230                                                         
12 sambhajinagar                                                                                                                                                                                        
                                                                                                                                                                                                        
                                                                                                                                                                                                        

SQL> spool off
